Microchip Technology Inc, v1.25 (A)

Tool Name:
  c:\program files (x86)\microchip\xc16\v1.25\bin\bin\..\bin/elf-ld.exe

Command:
  -p24FJ64GA004 \
  -o \
  dist/debug/production/LedCube.X.production.elf \
  -Lc:/program files (x86)/microchip/xc16/v1.25/bin/bin/.. \
  -Lc:/program files (x86)/microchip/xc16/v1.25/bin/bin/../../lib \
  -Lc:/program files (x86)/microchip/xc16/v1.25/bin/bin/../../support/PIC24E/gld \
  -Lc:/program files (x86)/microchip/xc16/v1.25/bin/bin/../../support/PIC24F/gld \
  -Lc:/program files (x86)/microchip/xc16/v1.25/bin/bin/../../support/PIC24H/gld \
  -Lc:/program files (x86)/microchip/xc16/v1.25/bin/bin/../../support/dsPIC30F/gld \
  -Lc:/program files (x86)/microchip/xc16/v1.25/bin/bin/../../support/dsPIC33E/gld \
  -Lc:/program files (x86)/microchip/xc16/v1.25/bin/bin/../../support/dsPIC33F/gld \
  build/debug/production/source/Animations/src/Fill.o \
  build/debug/production/source/CubeControl/src/LayerControl.o \
  build/debug/production/source/CubeControl/src/LedCube.o \
  build/debug/production/source/CubeControl/src/LedDriver.o \
  build/debug/production/source/CubeControl/src/PanelControl.o \
  build/debug/production/source/CubeControl/src/CubeControlData.o \
  build/debug/production/source/LibraryFiles/src/Uart.o \
  build/debug/production/source/LibraryFiles/src/BitOperations.o \
  build/debug/production/source/LibraryFiles/src/Buzzer.o \
  build/debug/production/source/LibraryFiles/src/IOPorts.o \
  build/debug/production/source/LibraryFiles/src/SwFifoBuffer.o \
  build/debug/production/source/LibraryFiles/src/System.o \
  build/debug/production/source/LibraryFiles/src/Debug.o \
  build/debug/production/source/src/main.o \
  --defsym=__MPLAB_BUILD=1 \
  -Tp24FJ64GA004_bootldr.gld.00 \
  --stack=16 \
  --check-sections \
  --data-init \
  --pack-data \
  --handles \
  --isr \
  --no-gc-sections \
  --fill-upper=0 \
  --stackguard=16 \
  --no-force-link \
  --smart-io \
  -Map=dist/debug/production/LedCube.X.production.map \
  --report-mem \
  --memorysummary \
  dist/debug/production/memoryfile.xml \
  -start-group \
  --library=lega-pic30-elf \
  --library=m-elf \
  --library=lega-c-elf \
  -end-group \


Optional library libpPIC24Fxxx.a not found
Archive member included because of file (symbol)

c:/program files (x86)/microchip/xc16/v1.25/bin/bin/../../lib\liblega-pic30-elf.a(crt0_standard.o)
                              (__resetPRI)
c:/program files (x86)/microchip/xc16/v1.25/bin/bin/../../lib\liblega-pic30-elf.a(data_init_standard.o)
                              c:/program files (x86)/microchip/xc16/v1.25/bin/bin/../../lib\liblega-pic30-elf.a(crt0_standard.o) (__data_init_standard)
c:/program files (x86)/microchip/xc16/v1.25/bin/bin/../../lib\liblega-pic30-elf.a(delay32.Leo)
                              build/debug/production/source/Animations/src/Fill.o (___delay32)
c:/program files (x86)/microchip/xc16/v1.25/bin/bin/../../lib\libm-elf.a(addsf3.eo)
                              build/debug/production/source/LibraryFiles/src/Buzzer.o (___subsf3)
c:/program files (x86)/microchip/xc16/v1.25/bin/bin/../../lib\libm-elf.a(divsf3.eo)
                              build/debug/production/source/LibraryFiles/src/Buzzer.o (___divsf3)
c:/program files (x86)/microchip/xc16/v1.25/bin/bin/../../lib\libm-elf.a(divsi3.eo)
                              build/debug/production/source/LibraryFiles/src/Uart.o (___divsi3)
c:/program files (x86)/microchip/xc16/v1.25/bin/bin/../../lib\libm-elf.a(fixunssfsi.eo)
                              build/debug/production/source/LibraryFiles/src/Buzzer.o (___fixunssfsi)
c:/program files (x86)/microchip/xc16/v1.25/bin/bin/../../lib\libm-elf.a(floatunsisf.eo)
                              build/debug/production/source/LibraryFiles/src/BitOperations.o (___floatunsisf)
c:/program files (x86)/microchip/xc16/v1.25/bin/bin/../../lib\libm-elf.a(fpack.eo)
                              c:/program files (x86)/microchip/xc16/v1.25/bin/bin/../../lib\libm-elf.a(addsf3.eo) (__fpack)
c:/program files (x86)/microchip/xc16/v1.25/bin/bin/../../lib\libm-elf.a(funpack.eo)
                              c:/program files (x86)/microchip/xc16/v1.25/bin/bin/../../lib\libm-elf.a(fixunssfsi.eo) (__funpack)
c:/program files (x86)/microchip/xc16/v1.25/bin/bin/../../lib\libm-elf.a(funpack2.eo)
                              c:/program files (x86)/microchip/xc16/v1.25/bin/bin/../../lib\libm-elf.a(addsf3.eo) (__funpack2)
c:/program files (x86)/microchip/xc16/v1.25/bin/bin/../../lib\libm-elf.a(futil.eo)
                              c:/program files (x86)/microchip/xc16/v1.25/bin/bin/../../lib\libm-elf.a(addsf3.eo) (__fPropagateNaN)
c:/program files (x86)/microchip/xc16/v1.25/bin/bin/../../lib\libm-elf.a(modsi3.eo)
                              build/debug/production/source/LibraryFiles/src/Uart.o (___modsi3)
c:/program files (x86)/microchip/xc16/v1.25/bin/bin/../../lib\libm-elf.a(mulsf3.eo)
[...]
Memory Configuration

Name             Origin             Length             Attributes
data             0x000800           0x002000           a !xr
reset            0x000000           0x000004  
ivt              0x000004           0x0000fc  
_reserved        0x000100           0x000004  
aivt             0x000104           0x0000fc  
j_ivt            0x000c00           0x000200  
program          0x000e00           0x009dfa           xr
CONFIG2          0x00abfc           0x000002  
CONFIG1          0x00abfe           0x000002  
*default*        0x000000           0xffffffff  

Linker script and memory map

LOAD build/debug/production/source/Animations/src/Fill.o
LOAD build/debug/production/source/CubeControl/src/LayerControl.o
LOAD build/debug/production/source/CubeControl/src/LedCube.o
LOAD build/debug/production/source/CubeControl/src/LedDriver.o
LOAD build/debug/production/source/CubeControl/src/PanelControl.o
LOAD build/debug/production/source/CubeControl/src/CubeControlData.o
LOAD build/debug/production/source/LibraryFiles/src/Uart.o
LOAD build/debug/production/source/LibraryFiles/src/BitOperations.o
LOAD build/debug/production/source/LibraryFiles/src/Buzzer.o
LOAD build/debug/production/source/LibraryFiles/src/IOPorts.o
LOAD build/debug/production/source/LibraryFiles/src/SwFifoBuffer.o
LOAD build/debug/production/source/LibraryFiles/src/System.o
LOAD build/debug/production/source/LibraryFiles/src/Debug.o
LOAD build/debug/production/source/src/main.o
                    0x0001                  __MPLAB_BUILD = 0x1
LOAD pPIC24Fxxx
                    0x0c00                  __JIVT_BASE = 0xc00
                    0x0c02                  J__ReservedTrap0 = 0xc02
                    0x0c06                  J__OscillatorFail = 0xc06
                    0x0c0a                  J__AddressError = 0xc0a
                    0x0c0e                  J__StackError = 0xc0e
                    0x0c12                  J__MathError = 0xc12
                    0x0c16                  J__ReservedTrap5 = 0xc16
                    0x0c1a                  J__ReservedTrap6 = 0xc1a
                    0x0c1e                  J__ReservedTrap7 = 0xc1e
                    0x0c22                  J__INT0Interrupt = 0xc22
                    0x0c26                  J__IC1Interrupt = 0xc26
                    0x0c2a                  J__OC1Interrupt = 0xc2a
                    0x0c2e                  J__T1Interrupt = 0xc2e
                    0x0c32                  J__Interrupt4 = 0xc32
                    0x0c36                  J__IC2Interrupt = 0xc36
                    0x0c3a                  J__OC2Interrupt = 0xc3a
                    0x0c3e                  J__T2Interrupt = 0xc3e
                    0x0c42                  J__T3Interrupt = 0xc42
                    0x0c46                  J__SPI1ErrInterrupt = 0xc46
                    0x0c4a                  J__SPI1Interrupt = 0xc4a
                    0x0c4e                  J__U1RXInterrupt = 0xc4e
                    0x0c52                  J__U1TXInterrupt = 0xc52
                    0x0c56                  J__ADC1Interrupt = 0xc56
                    0x0c5a                  J__Interrupt14 = 0xc5a
                    0x0c5e                  J__Interrupt15 = 0xc5e
                    0x0c62                  J__SI2C1Interrupt = 0xc62
                    0x0c66                  J__MI2C1Interrupt = 0xc66
                    0x0c6a                  J__CompInterrupt = 0xc6a
                    0x0c6e                  J__CNInterrupt = 0xc6e
                    0x0c72                  J__INT1Interrupt = 0xc72
                    0x0c76                  J__Interrupt21 = 0xc76
                    0x0c7a                  J__Interrupt22 = 0xc7a
                    0x0c7e                  J__Interrupt23 = 0xc7e
                    0x0c82                  J__Interrupt24 = 0xc82
                    0x0c86                  J__OC3Interrupt = 0xc86
                    0x0c8a                  J__OC4Interrupt = 0xc8a
                    0x0c8e                  J__T4Interrupt = 0xc8e
                    0x0c92                  J__T5Interrupt = 0xc92
                    0x0c96                  J__INT2Interrupt = 0xc96
                    0x0c9a                  J__U2RXInterrupt = 0xc9a
                    0x0c9e                  J__U2TXInterrupt = 0xc9e
                    0x0ca2                  J__SPI2ErrInterrupt = 0xca2
                    0x0ca6                  J__SPI2Interrupt = 0xca6
                    0x0caa                  J__Interrupt34 = 0xcaa
                    0x0cae                  J__Interrupt35 = 0xcae
                    0x0cb2                  J__Interrupt36 = 0xcb2
                    0x0cb6                  J__IC3Interrupt = 0xcb6
                    0x0cba                  J__IC4Interrupt = 0xcba
                    0x0cbe                  J__IC5Interrupt = 0xcbe
                    0x0cc2                  J__Interrupt40 = 0xcc2
                    0x0cc6                  J__OC5Interrupt = 0xcc6
                    0x0cca                  J__Interrupt42 = 0xcca
                    0x0cce                  J__Interrupt43 = 0xcce
                    0x0cd2                  J__Interrupt44 = 0xcd2
                    0x0cd6                  J__PMPInterrupt = 0xcd6
                    0x0cda                  J__Interrupt46 = 0xcda
                    0x0cde                  J__Interrupt47 = 0xcde
                    0x0ce2                  J__Interrupt48 = 0xce2
                    0x0ce6                  J__SI2C2Interrupt = 0xce6
                    0x0cea                  J__MI2C2Interrupt = 0xcea
                    0x0cee                  J__Interrupt51 = 0xcee
                    0x0cf2                  J__Interrupt52 = 0xcf2
                    0x0cf6                  J__Interrupt53 = 0xcf6
                    0x0cfa                  J__Interrupt54 = 0xcfa
                    0x0cfe                  J__Interrupt55 = 0xcfe
                    0x0d02                  J__Interrupt56 = 0xd02
                    0x0d06                  J__Interrupt57 = 0xd06
                    0x0d0a                  J__Interrupt58 = 0xd0a
                    0x0d0e                  J__Interrupt59 = 0xd0e
                    0x0d12                  J__Interrupt60 = 0xd12
                    0x0d16                  J__Interrupt61 = 0xd16
                    0x0d1a                  J__RTCCInterrupt = 0xd1a
                    0x0d1e                  J__Interrupt63 = 0xd1e
                    0x0d22                  J__Interrupt64 = 0xd22
                    0x0d26                  J__U1ErrInterrupt = 0xd26
                    0x0d2a                  J__U2ErrInterrupt = 0xd2a
                    0x0d2e                  J__CRCInterrupt = 0xd2e
                    0x0d32                  J__Interrupt68 = 0xd32
                    0x0d36                  J__Interrupt69 = 0xd36
                    0x0d3a                  J__Interrupt70 = 0xd3a
                    0x0d3e                  J__Interrupt71 = 0xd3e
                    0x0d42                  J__LVDInterrupt = 0xd42
                    0x0d46                  J__Interrupt73 = 0xd46
                    0x0d4a                  J__Interrupt74 = 0xd4a
                    0x0d4e                  J__Interrupt75 = 0xd4e
                    0x0d52                  J__Interrupt76 = 0xd52
                    0x0d56                  J__Interrupt77 = 0xd56
                    0x0d5a                  J__Interrupt78 = 0xd5a
                    0x0d5e                  J__Interrupt79 = 0xd5e
                    0x0d62                  J__Interrupt80 = 0xd62
                    0x0d66                  J__Interrupt81 = 0xd66
                    0x0d6a                  J__Interrupt82 = 0xd6a
                    0x0d6e                  J__Interrupt83 = 0xd6e
                    0x0d72                  J__Interrupt84 = 0xd72
                    0x0d76                  J__Interrupt85 = 0xd76
                    0x0d7a                  J__Interrupt86 = 0xd7a
                    0x0d7e                  J__Interrupt87 = 0xd7e
                    0x0d82                  J__Interrupt88 = 0xd82
                    0x0d86                  J__Interrupt89 = 0xd86
                    0x0d8a                  J__Interrupt90 = 0xd8a
                    0x0d8e                  J__Interrupt91 = 0xd8e
                    0x0d92                  J__Interrupt92 = 0xd92
                    0x0d96                  J__Interrupt93 = 0xd96
                    0x0d9a                  J__Interrupt94 = 0xd9a
                    0x0d9e                  J__Interrupt95 = 0xd9e
                    0x0da2                  J__Interrupt96 = 0xda2
                    0x0da6                  J__Interrupt97 = 0xda6
                    0x0daa                  J__Interrupt98 = 0xdaa
                    0x0dae                  J__Interrupt99 = 0xdae
                    0x0db2                  J__Interrupt100 = 0xdb2
                    0x0db6                  J__Interrupt101 = 0xdb6
                    0x0dba                  J__Interrupt102 = 0xdba
                    0x0dbe                  J__Interrupt103 = 0xdbe
                    0x0dc2                  J__Interrupt104 = 0xdc2
                    0x0dc6                  J__Interrupt105 = 0xdc6
                    0x0dca                  J__Interrupt106 = 0xdca
                    0x0dce                  J__Interrupt107 = 0xdce
                    0x0dd2                  J__Interrupt108 = 0xdd2
                    0x0dd6                  J__Interrupt109 = 0xdd6
                    0x0dda                  J__Interrupt110 = 0xdda
                    0x0dde                  J__Interrupt111 = 0xdde
                    0x0de2                  J__Interrupt112 = 0xde2
                    0x0de6                  J__Interrupt113 = 0xde6
                    0x0dea                  J__Interrupt114 = 0xdea
                    0x0dee                  J__Interrupt115 = 0xdee
                    0x0df2                  J__Interrupt116 = 0xdf2
                    0x0df6                  J__Interrupt117 = 0xdf6
                    0xabfc                  __CONFIG2 = 0xabfc
                    0xabfe                  __CONFIG1 = 0xabfe
                    0x0001                  __NO_HANDLES = 0x1
                    0x0004                  __IVT_BASE = 0x4
                    0x0104                  __AIVT_BASE = 0x104
                    0x0800                  __DATA_BASE = 0x800
                    0x2000                  __DATA_LENGTH = 0x2000
                    0x0200                  __CODE_BASE = 0x200
                    0xa9fc                  __CODE_LENGTH = 0xa9fc

.reset            0x000000          0x4
                  0x000000          0x2 SHORT 0xe00 ABSOLUTE (__reset)
                  0x000001          0x2 SHORT 0x4
                  0x000002          0x2 SHORT 0x0 ((ABSOLUTE (__reset) >> 0x10) & 0x7f)
                  0x000003          0x2 SHORT 0x0

.j_ivt            0x000c00        0x1fa
                  0x000c00          0x2 SHORT 0x2
                  0x000c01          0x2 SHORT 0x0
                  0x000c02          0x2 SHORT 0xe9e DEFINED (__ReservedTrap0)?ABSOLUTE (__ReservedTrap0):ABSOLUTE (__DefaultInterrupt)
                  0x000c03          0x2 SHORT 0x4
                  0x000c04          0x2 SHORT 0x0 ((DEFINED (__ReservedTrap0)?ABSOLUTE (__ReservedTrap0):ABSOLUTE (__DefaultInterrupt) >> 0x10) & 0x7f)
                  0x000c05          0x2 SHORT 0x0
                  0x000c06          0x2 SHORT 0xe9e DEFINED (__OscillatorFail)?ABSOLUTE (__OscillatorFail):ABSOLUTE (__DefaultInterrupt)
                  0x000c07          0x2 SHORT 0x4
                  0x000c08          0x2 SHORT 0x0 ((DEFINED (__OscillatorFail)?ABSOLUTE (__OscillatorFail):ABSOLUTE (__DefaultInterrupt) >> 0x10) & 0x7f)
                  0x000c09          0x2 SHORT 0x0
                  0x000c0a          0x2 SHORT 0xe9e DEFINED (__AddressError)?ABSOLUTE (__AddressError):ABSOLUTE (__DefaultInterrupt)
                  0x000c0b          0x2 SHORT 0x4
                  0x000c0c          0x2 SHORT 0x0 ((DEFINED (__AddressError)?ABSOLUTE (__AddressError):ABSOLUTE (__DefaultInterrupt) >> 0x10) & 0x7f)
                  0x000c0d          0x2 SHORT 0x0
                  0x000c0e          0x2 SHORT 0xe9e DEFINED (__StackError)?ABSOLUTE (__StackError):ABSOLUTE (__DefaultInterrupt)
                  0x000c0f          0x2 SHORT 0x4
                  0x000c10          0x2 SHORT 0x0 ((DEFINED (__StackError)?ABSOLUTE (__StackError):ABSOLUTE (__DefaultInterrupt) >> 0x10) & 0x7f)
                  0x000c11          0x2 SHORT 0x0
                  0x000c12          0x2 SHORT 0xe9e DEFINED (__MathError)?ABSOLUTE (__MathError):ABSOLUTE (__DefaultInterrupt)
                  0x000c13          0x2 SHORT 0x4
                  0x000c14          0x2 SHORT 0x0 ((DEFINED (__MathError)?ABSOLUTE (__MathError):ABSOLUTE (__DefaultInterrupt) >> 0x10) & 0x7f)
                  0x000c15          0x2 SHORT 0x0
                  0x000c16          0x2 SHORT 0xe9e DEFINED (__ReservedTrap5)?ABSOLUTE (__ReservedTrap5):ABSOLUTE (__DefaultInterrupt)
                  0x000c17          0x2 SHORT 0x4
                  0x000c18          0x2 SHORT 0x0 ((DEFINED (__ReservedTrap5)?ABSOLUTE (__ReservedTrap5):ABSOLUTE (__DefaultInterrupt) >> 0x10) & 0x7f)
                  0x000c19          0x2 SHORT 0x0
                  0x000c1a          0x2 SHORT 0xe9e DEFINED (__ReservedTrap6)?ABSOLUTE (__ReservedTrap6):ABSOLUTE (__DefaultInterrupt)
                  0x000c1b          0x2 SHORT 0x4
                  0x000c1c          0x2 SHORT 0x0 ((DEFINED (__ReservedTrap6)?ABSOLUTE (__ReservedTrap6):ABSOLUTE (__DefaultInterrupt) >> 0x10) & 0x7f)
                  0x000c1d          0x2 SHORT 0x0
                  0x000c1e          0x2 SHORT 0xe9e DEFINED (__ReservedTrap7)?ABSOLUTE (__ReservedTrap7):ABSOLUTE (__DefaultInterrupt)
                  0x000c1f          0x2 SHORT 0x4
                  0x000c20          0x2 SHORT 0x0 ((DEFINED (__ReservedTrap7)?ABSOLUTE (__ReservedTrap7):ABSOLUTE (__DefaultInterrupt) >> 0x10) & 0x7f)
                  0x000c21          0x2 SHORT 0x0
                  0x000c22          0x2 SHORT 0xe9e DEFINED (__INT0Interrupt)?ABSOLUTE (__INT0Interrupt):ABSOLUTE (__DefaultInterrupt)
                  0x000c23          0x2 SHORT 0x4
                  0x000c24          0x2 SHORT 0x0 ((DEFINED (__INT0Interrupt)?ABSOLUTE (__INT0Interrupt):ABSOLUTE (__DefaultInterrupt) >> 0x10) & 0x7f)
                  0x000c25          0x2 SHORT 0x0
                  0x000c26          0x2 SHORT 0xe9e DEFINED (__IC1Interrupt)?ABSOLUTE (__IC1Interrupt):ABSOLUTE (__DefaultInterrupt)
                  0x000c27          0x2 SHORT 0x4
                  0x000c28          0x2 SHORT 0x0 ((DEFINED (__IC1Interrupt)?ABSOLUTE (__IC1Interrupt):ABSOLUTE (__DefaultInterrupt) >> 0x10) & 0x7f)
                  0x000c29          0x2 SHORT 0x0
                  0x000c2a          0x2 SHORT 0xe9e DEFINED (__OC1Interrupt)?ABSOLUTE (__OC1Interrupt):ABSOLUTE (__DefaultInterrupt)
                  0x000c2b          0x2 SHORT 0x4
                  0x000c2c          0x2 SHORT 0x0 ((DEFINED (__OC1Interrupt)?ABSOLUTE (__OC1Interrupt):ABSOLUTE (__DefaultInterrupt) >> 0x10) & 0x7f)
                  0x000c2d          0x2 SHORT 0x0
                  0x000c2e          0x2 SHORT 0xe9e DEFINED (__T1Interrupt)?ABSOLUTE (__T1Interrupt):ABSOLUTE (__DefaultInterrupt)
                  0x000c2f          0x2 SHORT 0x4
                  0x000c30          0x2 SHORT 0x0 ((DEFINED (__T1Interrupt)?ABSOLUTE (__T1Interrupt):ABSOLUTE (__DefaultInterrupt) >> 0x10) & 0x7f)
                  0x000c31          0x2 SHORT 0x0
                  0x000c32          0x2 SHORT 0xe9e DEFINED (__Interrupt4)?ABSOLUTE (__Interrupt4):ABSOLUTE (__DefaultInterrupt)
                  0x000c33          0x2 SHORT 0x4
                  0x000c34          0x2 SHORT 0x0 ((DEFINED (__Interrupt4)?ABSOLUTE (__Interrupt4):ABSOLUTE (__DefaultInterrupt) >> 0x10) & 0x7f)
                  0x000c35          0x2 SHORT 0x0
                  0x000c36          0x2 SHORT 0xe9e DEFINED (__IC2Interrupt)?ABSOLUTE (__IC2Interrupt):ABSOLUTE (__DefaultInterrupt)
                  0x000c37          0x2 SHORT 0x4
                  0x000c38          0x2 SHORT 0x0 ((DEFINED (__IC2Interrupt)?ABSOLUTE (__IC2Interrupt):ABSOLUTE (__DefaultInterrupt) >> 0x10) & 0x7f)
                  0x000c39          0x2 SHORT 0x0
                  0x000c3a          0x2 SHORT 0xe9e DEFINED (__OC2Interrupt)?ABSOLUTE (__OC2Interrupt):ABSOLUTE (__DefaultInterrupt)
                  0x000c3b          0x2 SHORT 0x4
                  0x000c3c          0x2 SHORT 0x0 ((DEFINED (__OC2Interrupt)?ABSOLUTE (__OC2Interrupt):ABSOLUTE (__DefaultInterrupt) >> 0x10) & 0x7f)
                  0x000c3d          0x2 SHORT 0x0
                  0x000c3e          0x2 SHORT 0xe9e DEFINED (__T2Interrupt)?ABSOLUTE (__T2Interrupt):ABSOLUTE (__DefaultInterrupt)
                  0x000c3f          0x2 SHORT 0x4
                  0x000c40          0x2 SHORT 0x0 ((DEFINED (__T2Interrupt)?ABSOLUTE (__T2Interrupt):ABSOLUTE (__DefaultInterrupt) >> 0x10) & 0x7f)
                  0x000c41          0x2 SHORT 0x0
                  0x000c42          0x2 SHORT 0x4e8c DEFINED (__T3Interrupt)?ABSOLUTE (__T3Interrupt):ABSOLUTE (__DefaultInterrupt)
                  0x000c43          0x2 SHORT 0x4
                  0x000c44          0x2 SHORT 0x0 ((DEFINED (__T3Interrupt)?ABSOLUTE (__T3Interrupt):ABSOLUTE (__DefaultInterrupt) >> 0x10) & 0x7f)
                  0x000c45          0x2 SHORT 0x0
                  0x000c46          0x2 SHORT 0xe9e DEFINED (__SPI1ErrInterrupt)?ABSOLUTE (__SPI1ErrInterrupt):ABSOLUTE (__DefaultInterrupt)
                  0x000c47          0x2 SHORT 0x4
                  0x000c48          0x2 SHORT 0x0 ((DEFINED (__SPI1ErrInterrupt)?ABSOLUTE (__SPI1ErrInterrupt):ABSOLUTE (__DefaultInterrupt) >> 0x10) & 0x7f)
                  0x000c49          0x2 SHORT 0x0
                  0x000c4a          0x2 SHORT 0xe9e DEFINED (__SPI1Interrupt)?ABSOLUTE (__SPI1Interrupt):ABSOLUTE (__DefaultInterrupt)
                  0x000c4b          0x2 SHORT 0x4
                  0x000c4c          0x2 SHORT 0x0 ((DEFINED (__SPI1Interrupt)?ABSOLUTE (__SPI1Interrupt):ABSOLUTE (__DefaultInterrupt) >> 0x10) & 0x7f)
                  0x000c4d          0x2 SHORT 0x0
                  0x000c4e          0x2 SHORT 0x4cea DEFINED (__U1RXInterrupt)?ABSOLUTE (__U1RXInterrupt):ABSOLUTE (__DefaultInterrupt)
                  0x000c4f          0x2 SHORT 0x4
                  0x000c50          0x2 SHORT 0x0 ((DEFINED (__U1RXInterrupt)?ABSOLUTE (__U1RXInterrupt):ABSOLUTE (__DefaultInterrupt) >> 0x10) & 0x7f)
                  0x000c51          0x2 SHORT 0x0
                  0x000c52          0x2 SHORT 0xe9e DEFINED (__U1TXInterrupt)?ABSOLUTE (__U1TXInterrupt):ABSOLUTE (__DefaultInterrupt)
                  0x000c53          0x2 SHORT 0x4
                  0x000c54          0x2 SHORT 0x0 ((DEFINED (__U1TXInterrupt)?ABSOLUTE (__U1TXInterrupt):ABSOLUTE (__DefaultInterrupt) >> 0x10) & 0x7f)
                  0x000c55          0x2 SHORT 0x0
                  0x000c56          0x2 SHORT 0xe9e DEFINED (__ADC1Interrupt)?ABSOLUTE (__ADC1Interrupt):ABSOLUTE (__DefaultInterrupt)
                  0x000c57          0x2 SHORT 0x4
                  0x000c58          0x2 SHORT 0x0 ((DEFINED (__ADC1Interrupt)?ABSOLUTE (__ADC1Interrupt):ABSOLUTE (__DefaultInterrupt) >> 0x10) & 0x7f)
                  0x000c59          0x2 SHORT 0x0
                  0x000c5a          0x2 SHORT 0xe9e DEFINED (__Interrupt14)?ABSOLUTE (__Interrupt14):ABSOLUTE (__DefaultInterrupt)
                  0x000c5b          0x2 SHORT 0x4
                  0x000c5c          0x2 SHORT 0x0 ((DEFINED (__Interrupt14)?ABSOLUTE (__Interrupt14):ABSOLUTE (__DefaultInterrupt) >> 0x10) & 0x7f)
                  0x000c5d          0x2 SHORT 0x0
                  0x000c5e          0x2 SHORT 0xe9e DEFINED (__Interrupt15)?ABSOLUTE (__Interrupt15):ABSOLUTE (__DefaultInterrupt)
                  0x000c5f          0x2 SHORT 0x4
                  0x000c60          0x2 SHORT 0x0 ((DEFINED (__Interrupt15)?ABSOLUTE (__Interrupt15):ABSOLUTE (__DefaultInterrupt) >> 0x10) & 0x7f)
                  0x000c61          0x2 SHORT 0x0
                  0x000c62          0x2 SHORT 0xe9e DEFINED (__SI2C1Interrupt)?ABSOLUTE (__SI2C1Interrupt):ABSOLUTE (__DefaultInterrupt)
                  0x000c63          0x2 SHORT 0x4
                  0x000c64          0x2 SHORT 0x0 ((DEFINED (__SI2C1Interrupt)?ABSOLUTE (__SI2C1Interrupt):ABSOLUTE (__DefaultInterrupt) >> 0x10) & 0x7f)
                  0x000c65          0x2 SHORT 0x0
                  0x000c66          0x2 SHORT 0xe9e DEFINED (__MI2C1Interrupt)?ABSOLUTE (__MI2C1Interrupt):ABSOLUTE (__DefaultInterrupt)
                  0x000c67          0x2 SHORT 0x4
                  0x000c68          0x2 SHORT 0x0 ((DEFINED (__MI2C1Interrupt)?ABSOLUTE (__MI2C1Interrupt):ABSOLUTE (__DefaultInterrupt) >> 0x10) & 0x7f)
                  0x000c69          0x2 SHORT 0x0
                  0x000c6a          0x2 SHORT 0xe9e DEFINED (__CompInterrupt)?ABSOLUTE (__CompInterrupt):ABSOLUTE (__DefaultInterrupt)
                  0x000c6b          0x2 SHORT 0x4
                  0x000c6c          0x2 SHORT 0x0 ((DEFINED (__CompInterrupt)?ABSOLUTE (__CompInterrupt):ABSOLUTE (__DefaultInterrupt) >> 0x10) & 0x7f)
                  0x000c6d          0x2 SHORT 0x0
                  0x000c6e          0x2 SHORT 0xe9e DEFINED (__CNInterrupt)?ABSOLUTE (__CNInterrupt):ABSOLUTE (__DefaultInterrupt)
                  0x000c6f          0x2 SHORT 0x4
                  0x000c70          0x2 SHORT 0x0 ((DEFINED (__CNInterrupt)?ABSOLUTE (__CNInterrupt):ABSOLUTE (__DefaultInterrupt) >> 0x10) & 0x7f)
                  0x000c71          0x2 SHORT 0x0
                  0x000c72          0x2 SHORT 0xe9e DEFINED (__INT1Interrupt)?ABSOLUTE (__INT1Interrupt):ABSOLUTE (__DefaultInterrupt)
                  0x000c73          0x2 SHORT 0x4
                  0x000c74          0x2 SHORT 0x0 ((DEFINED (__INT1Interrupt)?ABSOLUTE (__INT1Interrupt):ABSOLUTE (__DefaultInterrupt) >> 0x10) & 0x7f)
                  0x000c75          0x2 SHORT 0x0
                  0x000c76          0x2 SHORT 0xe9e DEFINED (__Interrupt21)?ABSOLUTE (__Interrupt21):ABSOLUTE (__DefaultInterrupt)
                  0x000c77          0x2 SHORT 0x4
                  0x000c78          0x2 SHORT 0x0 ((DEFINED (__Interrupt21)?ABSOLUTE (__Interrupt21):ABSOLUTE (__DefaultInterrupt) >> 0x10) & 0x7f)
                  0x000c79          0x2 SHORT 0x0
                  0x000c7a          0x2 SHORT 0xe9e DEFINED (__Interrupt22)?ABSOLUTE (__Interrupt22):ABSOLUTE (__DefaultInterrupt)
                  0x000c7b          0x2 SHORT 0x4
                  0x000c7c          0x2 SHORT 0x0 ((DEFINED (__Interrupt22)?ABSOLUTE (__Interrupt22):ABSOLUTE (__DefaultInterrupt) >> 0x10) & 0x7f)
                  0x000c7d          0x2 SHORT 0x0
                  0x000c7e          0x2 SHORT 0xe9e DEFINED (__Interrupt23)?ABSOLUTE (__Interrupt23):ABSOLUTE (__DefaultInterrupt)
                  0x000c7f          0x2 SHORT 0x4
                  0x000c80          0x2 SHORT 0x0 ((DEFINED (__Interrupt23)?ABSOLUTE (__Interrupt23):ABSOLUTE (__DefaultInterrupt) >> 0x10) & 0x7f)
                  0x000c81          0x2 SHORT 0x0
                  0x000c82          0x2 SHORT 0xe9e DEFINED (__Interrupt24)?ABSOLUTE (__Interrupt24):ABSOLUTE (__DefaultInterrupt)
                  0x000c83          0x2 SHORT 0x4
                  0x000c84          0x2 SHORT 0x0 ((DEFINED (__Interrupt24)?ABSOLUTE (__Interrupt24):ABSOLUTE (__DefaultInterrupt) >> 0x10) & 0x7f)
                  0x000c85          0x2 SHORT 0x0
                  0x000c86          0x2 SHORT 0xe9e DEFINED (__OC3Interrupt)?ABSOLUTE (__OC3Interrupt):ABSOLUTE (__DefaultInterrupt)
                  0x000c87          0x2 SHORT 0x4
                  0x000c88          0x2 SHORT 0x0 ((DEFINED (__OC3Interrupt)?ABSOLUTE (__OC3Interrupt):ABSOLUTE (__DefaultInterrupt) >> 0x10) & 0x7f)
                  0x000c89          0x2 SHORT 0x0
                  0x000c8a          0x2 SHORT 0xe9e DEFINED (__OC4Interrupt)?ABSOLUTE (__OC4Interrupt):ABSOLUTE (__DefaultInterrupt)
                  0x000c8b          0x2 SHORT 0x4
                  0x000c8c          0x2 SHORT 0x0 ((DEFINED (__OC4Interrupt)?ABSOLUTE (__OC4Interrupt):ABSOLUTE (__DefaultInterrupt) >> 0x10) & 0x7f)
                  0x000c8d          0x2 SHORT 0x0
                  0x000c8e          0x2 SHORT 0xe9e DEFINED (__T4Interrupt)?ABSOLUTE (__T4Interrupt):ABSOLUTE (__DefaultInterrupt)
                  0x000c8f          0x2 SHORT 0x4
                  0x000c90          0x2 SHORT 0x0 ((DEFINED (__T4Interrupt)?ABSOLUTE (__T4Interrupt):ABSOLUTE (__DefaultInterrupt) >> 0x10) & 0x7f)
                  0x000c91          0x2 SHORT 0x0
                  0x000c92          0x2 SHORT 0xe9e DEFINED (__T5Interrupt)?ABSOLUTE (__T5Interrupt):ABSOLUTE (__DefaultInterrupt)
                  0x000c93          0x2 SHORT 0x4
                  0x000c94          0x2 SHORT 0x0 ((DEFINED (__T5Interrupt)?ABSOLUTE (__T5Interrupt):ABSOLUTE (__DefaultInterrupt) >> 0x10) & 0x7f)
                  0x000c95          0x2 SHORT 0x0
                  0x000c96          0x2 SHORT 0xe9e DEFINED (__INT2Interrupt)?ABSOLUTE (__INT2Interrupt):ABSOLUTE (__DefaultInterrupt)
                  0x000c97          0x2 SHORT 0x4
                  0x000c98          0x2 SHORT 0x0 ((DEFINED (__INT2Interrupt)?ABSOLUTE (__INT2Interrupt):ABSOLUTE (__DefaultInterrupt) >> 0x10) & 0x7f)
                  0x000c99          0x2 SHORT 0x0
                  0x000c9a          0x2 SHORT 0xe9e DEFINED (__U2RXInterrupt)?ABSOLUTE (__U2RXInterrupt):ABSOLUTE (__DefaultInterrupt)
                  0x000c9b          0x2 SHORT 0x4
                  0x000c9c          0x2 SHORT 0x0 ((DEFINED (__U2RXInterrupt)?ABSOLUTE (__U2RXInterrupt):ABSOLUTE (__DefaultInterrupt) >> 0x10) & 0x7f)
                  0x000c9d          0x2 SHORT 0x0
                  0x000c9e          0x2 SHORT 0xe9e DEFINED (__U2TXInterrupt)?ABSOLUTE (__U2TXInterrupt):ABSOLUTE (__DefaultInterrupt)
                  0x000c9f          0x2 SHORT 0x4
                  0x000ca0          0x2 SHORT 0x0 ((DEFINED (__U2TXInterrupt)?ABSOLUTE (__U2TXInterrupt):ABSOLUTE (__DefaultInterrupt) >> 0x10) & 0x7f)
                  0x000ca1          0x2 SHORT 0x0
                  0x000ca2          0x2 SHORT 0xe9e DEFINED (__SPI2ErrInterrupt)?ABSOLUTE (__SPI2ErrInterrupt):ABSOLUTE (__DefaultInterrupt)
                  0x000ca3          0x2 SHORT 0x4
                  0x000ca4          0x2 SHORT 0x0 ((DEFINED (__SPI2ErrInterrupt)?ABSOLUTE (__SPI2ErrInterrupt):ABSOLUTE (__DefaultInterrupt) >> 0x10) & 0x7f)
                  0x000ca5          0x2 SHORT 0x0
                  0x000ca6          0x2 SHORT 0xe9e DEFINED (__SPI2Interrupt)?ABSOLUTE (__SPI2Interrupt):ABSOLUTE (__DefaultInterrupt)
                  0x000ca7          0x2 SHORT 0x4
                  0x000ca8          0x2 SHORT 0x0 ((DEFINED (__SPI2Interrupt)?ABSOLUTE (__SPI2Interrupt):ABSOLUTE (__DefaultInterrupt) >> 0x10) & 0x7f)
                  0x000ca9          0x2 SHORT 0x0
                  0x000caa          0x2 SHORT 0xe9e DEFINED (__Interrupt34)?ABSOLUTE (__Interrupt34):ABSOLUTE (__DefaultInterrupt)
                  0x000cab          0x2 SHORT 0x4
                  0x000cac          0x2 SHORT 0x0 ((DEFINED (__Interrupt34)?ABSOLUTE (__Interrupt34):ABSOLUTE (__DefaultInterrupt) >> 0x10) & 0x7f)
                  0x000cad          0x2 SHORT 0x0
                  0x000cae          0x2 SHORT 0xe9e DEFINED (__Interrupt35)?ABSOLUTE (__Interrupt35):ABSOLUTE (__DefaultInterrupt)
                  0x000caf          0x2 SHORT 0x4
                  0x000cb0          0x2 SHORT 0x0 ((DEFINED (__Interrupt35)?ABSOLUTE (__Interrupt35):ABSOLUTE (__DefaultInterrupt) >> 0x10) & 0x7f)
                  0x000cb1          0x2 SHORT 0x0
                  0x000cb2          0x2 SHORT 0xe9e DEFINED (__Interrupt36)?ABSOLUTE (__Interrupt36):ABSOLUTE (__DefaultInterrupt)
                  0x000cb3          0x2 SHORT 0x4
                  0x000cb4          0x2 SHORT 0x0 ((DEFINED (__Interrupt36)?ABSOLUTE (__Interrupt36):ABSOLUTE (__DefaultInterrupt) >> 0x10) & 0x7f)
                  0x000cb5          0x2 SHORT 0x0
                  0x000cb6          0x2 SHORT 0xe9e DEFINED (__IC3Interrupt)?ABSOLUTE (__IC3Interrupt):ABSOLUTE (__DefaultInterrupt)
                  0x000cb7          0x2 SHORT 0x4
                  0x000cb8          0x2 SHORT 0x0 ((DEFINED (__IC3Interrupt)?ABSOLUTE (__IC3Interrupt):ABSOLUTE (__DefaultInterrupt) >> 0x10) & 0x7f)
                  0x000cb9          0x2 SHORT 0x0
                  0x000cba          0x2 SHORT 0xe9e DEFINED (__IC4Interrupt)?ABSOLUTE (__IC4Interrupt):ABSOLUTE (__DefaultInterrupt)
                  0x000cbb          0x2 SHORT 0x4
                  0x000cbc          0x2 SHORT 0x0 ((DEFINED (__IC4Interrupt)?ABSOLUTE (__IC4Interrupt):ABSOLUTE (__DefaultInterrupt) >> 0x10) & 0x7f)
                  0x000cbd          0x2 SHORT 0x0
                  0x000cbe          0x2 SHORT 0xe9e DEFINED (__IC5Interrupt)?ABSOLUTE (__IC5Interrupt):ABSOLUTE (__DefaultInterrupt)
                  0x000cbf          0x2 SHORT 0x4
                  0x000cc0          0x2 SHORT 0x0 ((DEFINED (__IC5Interrupt)?ABSOLUTE (__IC5Interrupt):ABSOLUTE (__DefaultInterrupt) >> 0x10) & 0x7f)
                  0x000cc1          0x2 SHORT 0x0
                  0x000cc2          0x2 SHORT 0xe9e DEFINED (__Interrupt40)?ABSOLUTE (__Interrupt40):ABSOLUTE (__DefaultInterrupt)
                  0x000cc3          0x2 SHORT 0x4
                  0x000cc4          0x2 SHORT 0x0 ((DEFINED (__Interrupt40)?ABSOLUTE (__Interrupt40):ABSOLUTE (__DefaultInterrupt) >> 0x10) & 0x7f)
                  0x000cc5          0x2 SHORT 0x0
                  0x000cc6          0x2 SHORT 0xe9e DEFINED (__OC5Interrupt)?ABSOLUTE (__OC5Interrupt):ABSOLUTE (__DefaultInterrupt)
                  0x000cc7          0x2 SHORT 0x4
                  0x000cc8          0x2 SHORT 0x0 ((DEFINED (__OC5Interrupt)?ABSOLUTE (__OC5Interrupt):ABSOLUTE (__DefaultInterrupt) >> 0x10) & 0x7f)
                  0x000cc9          0x2 SHORT 0x0
                  0x000cca          0x2 SHORT 0xe9e DEFINED (__Interrupt42)?ABSOLUTE (__Interrupt42):ABSOLUTE (__DefaultInterrupt)
                  0x000ccb          0x2 SHORT 0x4
                  0x000ccc          0x2 SHORT 0x0 ((DEFINED (__Interrupt42)?ABSOLUTE (__Interrupt42):ABSOLUTE (__DefaultInterrupt) >> 0x10) & 0x7f)
                  0x000ccd          0x2 SHORT 0x0
                  0x000cce          0x2 SHORT 0xe9e DEFINED (__Interrupt43)?ABSOLUTE (__Interrupt43):ABSOLUTE (__DefaultInterrupt)
                  0x000ccf          0x2 SHORT 0x4
                  0x000cd0          0x2 SHORT 0x0 ((DEFINED (__Interrupt43)?ABSOLUTE (__Interrupt43):ABSOLUTE (__DefaultInterrupt) >> 0x10) & 0x7f)
                  0x000cd1          0x2 SHORT 0x0
                  0x000cd2          0x2 SHORT 0xe9e DEFINED (__Interrupt44)?ABSOLUTE (__Interrupt44):ABSOLUTE (__DefaultInterrupt)
                  0x000cd3          0x2 SHORT 0x4
                  0x000cd4          0x2 SHORT 0x0 ((DEFINED (__Interrupt44)?ABSOLUTE (__Interrupt44):ABSOLUTE (__DefaultInterrupt) >> 0x10) & 0x7f)
                  0x000cd5          0x2 SHORT 0x0
                  0x000cd6          0x2 SHORT 0xe9e DEFINED (__PMPInterrupt)?ABSOLUTE (__PMPInterrupt):ABSOLUTE (__DefaultInterrupt)
                  0x000cd7          0x2 SHORT 0x4
                  0x000cd8          0x2 SHORT 0x0 ((DEFINED (__PMPInterrupt)?ABSOLUTE (__PMPInterrupt):ABSOLUTE (__DefaultInterrupt) >> 0x10) & 0x7f)
                  0x000cd9          0x2 SHORT 0x0
                  0x000cda          0x2 SHORT 0xe9e DEFINED (__Interrupt46)?ABSOLUTE (__Interrupt46):ABSOLUTE (__DefaultInterrupt)
                  0x000cdb          0x2 SHORT 0x4
                  0x000cdc          0x2 SHORT 0x0 ((DEFINED (__Interrupt46)?ABSOLUTE (__Interrupt46):ABSOLUTE (__DefaultInterrupt) >> 0x10) & 0x7f)
                  0x000cdd          0x2 SHORT 0x0
                  0x000cde          0x2 SHORT 0xe9e DEFINED (__Interrupt47)?ABSOLUTE (__Interrupt47):ABSOLUTE (__DefaultInterrupt)
                  0x000cdf          0x2 SHORT 0x4
                  0x000ce0          0x2 SHORT 0x0 ((DEFINED (__Interrupt47)?ABSOLUTE (__Interrupt47):ABSOLUTE (__DefaultInterrupt) >> 0x10) & 0x7f)
                  0x000ce1          0x2 SHORT 0x0
                  0x000ce2          0x2 SHORT 0xe9e DEFINED (__Interrupt48)?ABSOLUTE (__Interrupt48):ABSOLUTE (__DefaultInterrupt)
                  0x000ce3          0x2 SHORT 0x4
                  0x000ce4          0x2 SHORT 0x0 ((DEFINED (__Interrupt48)?ABSOLUTE (__Interrupt48):ABSOLUTE (__DefaultInterrupt) >> 0x10) & 0x7f)
                  0x000ce5          0x2 SHORT 0x0
                  0x000ce6          0x2 SHORT 0xe9e DEFINED (__SI2C2Interrupt)?ABSOLUTE (__SI2C2Interrupt):ABSOLUTE (__DefaultInterrupt)
                  0x000ce7          0x2 SHORT 0x4
                  0x000ce8          0x2 SHORT 0x0 ((DEFINED (__SI2C2Interrupt)?ABSOLUTE (__SI2C2Interrupt):ABSOLUTE (__DefaultInterrupt) >> 0x10) & 0x7f)
                  0x000ce9          0x2 SHORT 0x0
                  0x000cea          0x2 SHORT 0xe9e DEFINED (__MI2C2Interrupt)?ABSOLUTE (__MI2C2Interrupt):ABSOLUTE (__DefaultInterrupt)
                  0x000ceb          0x2 SHORT 0x4
                  0x000cec          0x2 SHORT 0x0 ((DEFINED (__MI2C2Interrupt)?ABSOLUTE (__MI2C2Interrupt):ABSOLUTE (__DefaultInterrupt) >> 0x10) & 0x7f)
                  0x000ced          0x2 SHORT 0x0
                  0x000cee          0x2 SHORT 0xe9e DEFINED (__Interrupt51)?ABSOLUTE (__Interrupt51):ABSOLUTE (__DefaultInterrupt)
                  0x000cef          0x2 SHORT 0x4
                  0x000cf0          0x2 SHORT 0x0 ((DEFINED (__Interrupt51)?ABSOLUTE (__Interrupt51):ABSOLUTE (__DefaultInterrupt) >> 0x10) & 0x7f)
                  0x000cf1          0x2 SHORT 0x0
                  0x000cf2          0x2 SHORT 0xe9e DEFINED (__Interrupt52)?ABSOLUTE (__Interrupt52):ABSOLUTE (__DefaultInterrupt)
                  0x000cf3          0x2 SHORT 0x4
                  0x000cf4          0x2 SHORT 0x0 ((DEFINED (__Interrupt52)?ABSOLUTE (__Interrupt52):ABSOLUTE (__DefaultInterrupt) >> 0x10) & 0x7f)
                  0x000cf5          0x2 SHORT 0x0
                  0x000cf6          0x2 SHORT 0xe9e DEFINED (__Interrupt53)?ABSOLUTE (__Interrupt53):ABSOLUTE (__DefaultInterrupt)
                  0x000cf7          0x2 SHORT 0x4
                  0x000cf8          0x2 SHORT 0x0 ((DEFINED (__Interrupt53)?ABSOLUTE (__Interrupt53):ABSOLUTE (__DefaultInterrupt) >> 0x10) & 0x7f)
                  0x000cf9          0x2 SHORT 0x0
                  0x000cfa          0x2 SHORT 0xe9e DEFINED (__Interrupt54)?ABSOLUTE (__Interrupt54):ABSOLUTE (__DefaultInterrupt)
                  0x000cfb          0x2 SHORT 0x4
                  0x000cfc          0x2 SHORT 0x0 ((DEFINED (__Interrupt54)?ABSOLUTE (__Interrupt54):ABSOLUTE (__DefaultInterrupt) >> 0x10) & 0x7f)
                  0x000cfd          0x2 SHORT 0x0
                  0x000cfe          0x2 SHORT 0xe9e DEFINED (__Interrupt55)?ABSOLUTE (__Interrupt55):ABSOLUTE (__DefaultInterrupt)
                  0x000cff          0x2 SHORT 0x4
                  0x000d00          0x2 SHORT 0x0 ((DEFINED (__Interrupt55)?ABSOLUTE (__Interrupt55):ABSOLUTE (__DefaultInterrupt) >> 0x10) & 0x7f)
                  0x000d01          0x2 SHORT 0x0
                  0x000d02          0x2 SHORT 0xe9e DEFINED (__Interrupt56)?ABSOLUTE (__Interrupt56):ABSOLUTE (__DefaultInterrupt)
                  0x000d03          0x2 SHORT 0x4
                  0x000d04          0x2 SHORT 0x0 ((DEFINED (__Interrupt56)?ABSOLUTE (__Interrupt56):ABSOLUTE (__DefaultInterrupt) >> 0x10) & 0x7f)
                  0x000d05          0x2 SHORT 0x0
                  0x000d06          0x2 SHORT 0xe9e DEFINED (__Interrupt57)?ABSOLUTE (__Interrupt57):ABSOLUTE (__DefaultInterrupt)
                  0x000d07          0x2 SHORT 0x4
                  0x000d08          0x2 SHORT 0x0 ((DEFINED (__Interrupt57)?ABSOLUTE (__Interrupt57):ABSOLUTE (__DefaultInterrupt) >> 0x10) & 0x7f)
                  0x000d09          0x2 SHORT 0x0
                  0x000d0a          0x2 SHORT 0xe9e DEFINED (__Interrupt58)?ABSOLUTE (__Interrupt58):ABSOLUTE (__DefaultInterrupt)
                  0x000d0b          0x2 SHORT 0x4
                  0x000d0c          0x2 SHORT 0x0 ((DEFINED (__Interrupt58)?ABSOLUTE (__Interrupt58):ABSOLUTE (__DefaultInterrupt) >> 0x10) & 0x7f)
                  0x000d0d          0x2 SHORT 0x0
                  0x000d0e          0x2 SHORT 0xe9e DEFINED (__Interrupt59)?ABSOLUTE (__Interrupt59):ABSOLUTE (__DefaultInterrupt)
                  0x000d0f          0x2 SHORT 0x4
                  0x000d10          0x2 SHORT 0x0 ((DEFINED (__Interrupt59)?ABSOLUTE (__Interrupt59):ABSOLUTE (__DefaultInterrupt) >> 0x10) & 0x7f)
                  0x000d11          0x2 SHORT 0x0
                  0x000d12          0x2 SHORT 0xe9e DEFINED (__Interrupt60)?ABSOLUTE (__Interrupt60):ABSOLUTE (__DefaultInterrupt)
                  0x000d13          0x2 SHORT 0x4
                  0x000d14          0x2 SHORT 0x0 ((DEFINED (__Interrupt60)?ABSOLUTE (__Interrupt60):ABSOLUTE (__DefaultInterrupt) >> 0x10) & 0x7f)
                  0x000d15          0x2 SHORT 0x0
                  0x000d16          0x2 SHORT 0xe9e DEFINED (__Interrupt61)?ABSOLUTE (__Interrupt61):ABSOLUTE (__DefaultInterrupt)
                  0x000d17          0x2 SHORT 0x4
                  0x000d18          0x2 SHORT 0x0 ((DEFINED (__Interrupt61)?ABSOLUTE (__Interrupt61):ABSOLUTE (__DefaultInterrupt) >> 0x10) & 0x7f)
                  0x000d19          0x2 SHORT 0x0
                  0x000d1a          0x2 SHORT 0xe9e DEFINED (__RTCCInterrupt)?ABSOLUTE (__RTCCInterrupt):ABSOLUTE (__DefaultInterrupt)
                  0x000d1b          0x2 SHORT 0x4
                  0x000d1c          0x2 SHORT 0x0 ((DEFINED (__RTCCInterrupt)?ABSOLUTE (__RTCCInterrupt):ABSOLUTE (__DefaultInterrupt) >> 0x10) & 0x7f)
                  0x000d1d          0x2 SHORT 0x0
                  0x000d1e          0x2 SHORT 0xe9e DEFINED (__Interrupt63)?ABSOLUTE (__Interrupt63):ABSOLUTE (__DefaultInterrupt)
                  0x000d1f          0x2 SHORT 0x4
                  0x000d20          0x2 SHORT 0x0 ((DEFINED (__Interrupt63)?ABSOLUTE (__Interrupt63):ABSOLUTE (__DefaultInterrupt) >> 0x10) & 0x7f)
                  0x000d21          0x2 SHORT 0x0
                  0x000d22          0x2 SHORT 0xe9e DEFINED (__Interrupt64)?ABSOLUTE (__Interrupt64):ABSOLUTE (__DefaultInterrupt)
                  0x000d23          0x2 SHORT 0x4
                  0x000d24          0x2 SHORT 0x0 ((DEFINED (__Interrupt64)?ABSOLUTE (__Interrupt64):ABSOLUTE (__DefaultInterrupt) >> 0x10) & 0x7f)
                  0x000d25          0x2 SHORT 0x0
                  0x000d26          0x2 SHORT 0xe9e DEFINED (__U1ErrInterrupt)?ABSOLUTE (__U1ErrInterrupt):ABSOLUTE (__DefaultInterrupt)
                  0x000d27          0x2 SHORT 0x4
                  0x000d28          0x2 SHORT 0x0 ((DEFINED (__U1ErrInterrupt)?ABSOLUTE (__U1ErrInterrupt):ABSOLUTE (__DefaultInterrupt) >> 0x10) & 0x7f)
                  0x000d29          0x2 SHORT 0x0
                  0x000d2a          0x2 SHORT 0xe9e DEFINED (__U2ErrInterrupt)?ABSOLUTE (__U2ErrInterrupt):ABSOLUTE (__DefaultInterrupt)
                  0x000d2b          0x2 SHORT 0x4
                  0x000d2c          0x2 SHORT 0x0 ((DEFINED (__U2ErrInterrupt)?ABSOLUTE (__U2ErrInterrupt):ABSOLUTE (__DefaultInterrupt) >> 0x10) & 0x7f)
                  0x000d2d          0x2 SHORT 0x0
                  0x000d2e          0x2 SHORT 0xe9e DEFINED (__CRCInterrupt)?ABSOLUTE (__CRCInterrupt):ABSOLUTE (__DefaultInterrupt)
                  0x000d2f          0x2 SHORT 0x4
                  0x000d30          0x2 SHORT 0x0 ((DEFINED (__CRCInterrupt)?ABSOLUTE (__CRCInterrupt):ABSOLUTE (__DefaultInterrupt) >> 0x10) & 0x7f)
                  0x000d31          0x2 SHORT 0x0
                  0x000d32          0x2 SHORT 0xe9e DEFINED (__Interrupt68)?ABSOLUTE (__Interrupt68):ABSOLUTE (__DefaultInterrupt)
                  0x000d33          0x2 SHORT 0x4
                  0x000d34          0x2 SHORT 0x0 ((DEFINED (__Interrupt68)?ABSOLUTE (__Interrupt68):ABSOLUTE (__DefaultInterrupt) >> 0x10) & 0x7f)
                  0x000d35          0x2 SHORT 0x0
                  0x000d36          0x2 SHORT 0xe9e DEFINED (__Interrupt69)?ABSOLUTE (__Interrupt69):ABSOLUTE (__DefaultInterrupt)
                  0x000d37          0x2 SHORT 0x4
                  0x000d38          0x2 SHORT 0x0 ((DEFINED (__Interrupt69)?ABSOLUTE (__Interrupt69):ABSOLUTE (__DefaultInterrupt) >> 0x10) & 0x7f)
                  0x000d39          0x2 SHORT 0x0
                  0x000d3a          0x2 SHORT 0xe9e DEFINED (__Interrupt70)?ABSOLUTE (__Interrupt70):ABSOLUTE (__DefaultInterrupt)
                  0x000d3b          0x2 SHORT 0x4
                  0x000d3c          0x2 SHORT 0x0 ((DEFINED (__Interrupt70)?ABSOLUTE (__Interrupt70):ABSOLUTE (__DefaultInterrupt) >> 0x10) & 0x7f)
                  0x000d3d          0x2 SHORT 0x0
                  0x000d3e          0x2 SHORT 0xe9e DEFINED (__Interrupt71)?ABSOLUTE (__Interrupt71):ABSOLUTE (__DefaultInterrupt)
                  0x000d3f          0x2 SHORT 0x4
                  0x000d40          0x2 SHORT 0x0 ((DEFINED (__Interrupt71)?ABSOLUTE (__Interrupt71):ABSOLUTE (__DefaultInterrupt) >> 0x10) & 0x7f)
                  0x000d41          0x2 SHORT 0x0
                  0x000d42          0x2 SHORT 0xe9e DEFINED (__LVDInterrupt)?ABSOLUTE (__LVDInterrupt):ABSOLUTE (__DefaultInterrupt)
                  0x000d43          0x2 SHORT 0x4
                  0x000d44          0x2 SHORT 0x0 ((DEFINED (__LVDInterrupt)?ABSOLUTE (__LVDInterrupt):ABSOLUTE (__DefaultInterrupt) >> 0x10) & 0x7f)
                  0x000d45          0x2 SHORT 0x0
                  0x000d46          0x2 SHORT 0xe9e DEFINED (__Interrupt73)?ABSOLUTE (__Interrupt73):ABSOLUTE (__DefaultInterrupt)
                  0x000d47          0x2 SHORT 0x4
                  0x000d48          0x2 SHORT 0x0 ((DEFINED (__Interrupt73)?ABSOLUTE (__Interrupt73):ABSOLUTE (__DefaultInterrupt) >> 0x10) & 0x7f)
                  0x000d49          0x2 SHORT 0x0
                  0x000d4a          0x2 SHORT 0xe9e DEFINED (__Interrupt74)?ABSOLUTE (__Interrupt74):ABSOLUTE (__DefaultInterrupt)
                  0x000d4b          0x2 SHORT 0x4
                  0x000d4c          0x2 SHORT 0x0 ((DEFINED (__Interrupt74)?ABSOLUTE (__Interrupt74):ABSOLUTE (__DefaultInterrupt) >> 0x10) & 0x7f)
                  0x000d4d          0x2 SHORT 0x0
                  0x000d4e          0x2 SHORT 0xe9e DEFINED (__Interrupt75)?ABSOLUTE (__Interrupt75):ABSOLUTE (__DefaultInterrupt)
                  0x000d4f          0x2 SHORT 0x4
                  0x000d50          0x2 SHORT 0x0 ((DEFINED (__Interrupt75)?ABSOLUTE (__Interrupt75):ABSOLUTE (__DefaultInterrupt) >> 0x10) & 0x7f)
                  0x000d51          0x2 SHORT 0x0
                  0x000d52          0x2 SHORT 0xe9e DEFINED (__Interrupt76)?ABSOLUTE (__Interrupt76):ABSOLUTE (__DefaultInterrupt)
                  0x000d53          0x2 SHORT 0x4
                  0x000d54          0x2 SHORT 0x0 ((DEFINED (__Interrupt76)?ABSOLUTE (__Interrupt76):ABSOLUTE (__DefaultInterrupt) >> 0x10) & 0x7f)
                  0x000d55          0x2 SHORT 0x0
                  0x000d56          0x2 SHORT 0xe9e DEFINED (__Interrupt77)?ABSOLUTE (__Interrupt77):ABSOLUTE (__DefaultInterrupt)
                  0x000d57          0x2 SHORT 0x4
                  0x000d58          0x2 SHORT 0x0 ((DEFINED (__Interrupt77)?ABSOLUTE (__Interrupt77):ABSOLUTE (__DefaultInterrupt) >> 0x10) & 0x7f)
                  0x000d59          0x2 SHORT 0x0
                  0x000d5a          0x2 SHORT 0xe9e DEFINED (__Interrupt78)?ABSOLUTE (__Interrupt78):ABSOLUTE (__DefaultInterrupt)
                  0x000d5b          0x2 SHORT 0x4
                  0x000d5c          0x2 SHORT 0x0 ((DEFINED (__Interrupt78)?ABSOLUTE (__Interrupt78):ABSOLUTE (__DefaultInterrupt) >> 0x10) & 0x7f)
                  0x000d5d          0x2 SHORT 0x0
                  0x000d5e          0x2 SHORT 0xe9e DEFINED (__Interrupt79)?ABSOLUTE (__Interrupt79):ABSOLUTE (__DefaultInterrupt)
                  0x000d5f          0x2 SHORT 0x4
                  0x000d60          0x2 SHORT 0x0 ((DEFINED (__Interrupt79)?ABSOLUTE (__Interrupt79):ABSOLUTE (__DefaultInterrupt) >> 0x10) & 0x7f)
                  0x000d61          0x2 SHORT 0x0
                  0x000d62          0x2 SHORT 0xe9e DEFINED (__Interrupt80)?ABSOLUTE (__Interrupt80):ABSOLUTE (__DefaultInterrupt)
                  0x000d63          0x2 SHORT 0x4
                  0x000d64          0x2 SHORT 0x0 ((DEFINED (__Interrupt80)?ABSOLUTE (__Interrupt80):ABSOLUTE (__DefaultInterrupt) >> 0x10) & 0x7f)
                  0x000d65          0x2 SHORT 0x0
                  0x000d66          0x2 SHORT 0xe9e DEFINED (__Interrupt81)?ABSOLUTE (__Interrupt81):ABSOLUTE (__DefaultInterrupt)
                  0x000d67          0x2 SHORT 0x4
                  0x000d68          0x2 SHORT 0x0 ((DEFINED (__Interrupt81)?ABSOLUTE (__Interrupt81):ABSOLUTE (__DefaultInterrupt) >> 0x10) & 0x7f)
                  0x000d69          0x2 SHORT 0x0
                  0x000d6a          0x2 SHORT 0xe9e DEFINED (__Interrupt82)?ABSOLUTE (__Interrupt82):ABSOLUTE (__DefaultInterrupt)
                  0x000d6b          0x2 SHORT 0x4
                  0x000d6c          0x2 SHORT 0x0 ((DEFINED (__Interrupt82)?ABSOLUTE (__Interrupt82):ABSOLUTE (__DefaultInterrupt) >> 0x10) & 0x7f)
                  0x000d6d          0x2 SHORT 0x0
                  0x000d6e          0x2 SHORT 0xe9e DEFINED (__Interrupt83)?ABSOLUTE (__Interrupt83):ABSOLUTE (__DefaultInterrupt)
                  0x000d6f          0x2 SHORT 0x4
                  0x000d70          0x2 SHORT 0x0 ((DEFINED (__Interrupt83)?ABSOLUTE (__Interrupt83):ABSOLUTE (__DefaultInterrupt) >> 0x10) & 0x7f)
                  0x000d71          0x2 SHORT 0x0
                  0x000d72          0x2 SHORT 0xe9e DEFINED (__Interrupt84)?ABSOLUTE (__Interrupt84):ABSOLUTE (__DefaultInterrupt)
                  0x000d73          0x2 SHORT 0x4
                  0x000d74          0x2 SHORT 0x0 ((DEFINED (__Interrupt84)?ABSOLUTE (__Interrupt84):ABSOLUTE (__DefaultInterrupt) >> 0x10) & 0x7f)
                  0x000d75          0x2 SHORT 0x0
                  0x000d76          0x2 SHORT 0xe9e DEFINED (__Interrupt85)?ABSOLUTE (__Interrupt85):ABSOLUTE (__DefaultInterrupt)
                  0x000d77          0x2 SHORT 0x4
                  0x000d78          0x2 SHORT 0x0 ((DEFINED (__Interrupt85)?ABSOLUTE (__Interrupt85):ABSOLUTE (__DefaultInterrupt) >> 0x10) & 0x7f)
                  0x000d79          0x2 SHORT 0x0
                  0x000d7a          0x2 SHORT 0xe9e DEFINED (__Interrupt86)?ABSOLUTE (__Interrupt86):ABSOLUTE (__DefaultInterrupt)
                  0x000d7b          0x2 SHORT 0x4
                  0x000d7c          0x2 SHORT 0x0 ((DEFINED (__Interrupt86)?ABSOLUTE (__Interrupt86):ABSOLUTE (__DefaultInterrupt) >> 0x10) & 0x7f)
                  0x000d7d          0x2 SHORT 0x0
                  0x000d7e          0x2 SHORT 0xe9e DEFINED (__Interrupt87)?ABSOLUTE (__Interrupt87):ABSOLUTE (__DefaultInterrupt)
                  0x000d7f          0x2 SHORT 0x4
                  0x000d80          0x2 SHORT 0x0 ((DEFINED (__Interrupt87)?ABSOLUTE (__Interrupt87):ABSOLUTE (__DefaultInterrupt) >> 0x10) & 0x7f)
                  0x000d81          0x2 SHORT 0x0
                  0x000d82          0x2 SHORT 0xe9e DEFINED (__Interrupt88)?ABSOLUTE (__Interrupt88):ABSOLUTE (__DefaultInterrupt)
                  0x000d83          0x2 SHORT 0x4
                  0x000d84          0x2 SHORT 0x0 ((DEFINED (__Interrupt88)?ABSOLUTE (__Interrupt88):ABSOLUTE (__DefaultInterrupt) >> 0x10) & 0x7f)
                  0x000d85          0x2 SHORT 0x0
                  0x000d86          0x2 SHORT 0xe9e DEFINED (__Interrupt89)?ABSOLUTE (__Interrupt89):ABSOLUTE (__DefaultInterrupt)
                  0x000d87          0x2 SHORT 0x4
                  0x000d88          0x2 SHORT 0x0 ((DEFINED (__Interrupt89)?ABSOLUTE (__Interrupt89):ABSOLUTE (__DefaultInterrupt) >> 0x10) & 0x7f)
                  0x000d89          0x2 SHORT 0x0
                  0x000d8a          0x2 SHORT 0xe9e DEFINED (__Interrupt90)?ABSOLUTE (__Interrupt90):ABSOLUTE (__DefaultInterrupt)
                  0x000d8b          0x2 SHORT 0x4
                  0x000d8c          0x2 SHORT 0x0 ((DEFINED (__Interrupt90)?ABSOLUTE (__Interrupt90):ABSOLUTE (__DefaultInterrupt) >> 0x10) & 0x7f)
                  0x000d8d          0x2 SHORT 0x0
                  0x000d8e          0x2 SHORT 0xe9e DEFINED (__Interrupt91)?ABSOLUTE (__Interrupt91):ABSOLUTE (__DefaultInterrupt)
                  0x000d8f          0x2 SHORT 0x4
                  0x000d90          0x2 SHORT 0x0 ((DEFINED (__Interrupt91)?ABSOLUTE (__Interrupt91):ABSOLUTE (__DefaultInterrupt) >> 0x10) & 0x7f)
                  0x000d91          0x2 SHORT 0x0
                  0x000d92          0x2 SHORT 0xe9e DEFINED (__Interrupt92)?ABSOLUTE (__Interrupt92):ABSOLUTE (__DefaultInterrupt)
                  0x000d93          0x2 SHORT 0x4
                  0x000d94          0x2 SHORT 0x0 ((DEFINED (__Interrupt92)?ABSOLUTE (__Interrupt92):ABSOLUTE (__DefaultInterrupt) >> 0x10) & 0x7f)
                  0x000d95          0x2 SHORT 0x0
                  0x000d96          0x2 SHORT 0xe9e DEFINED (__Interrupt93)?ABSOLUTE (__Interrupt93):ABSOLUTE (__DefaultInterrupt)
                  0x000d97          0x2 SHORT 0x4
                  0x000d98          0x2 SHORT 0x0 ((DEFINED (__Interrupt93)?ABSOLUTE (__Interrupt93):ABSOLUTE (__DefaultInterrupt) >> 0x10) & 0x7f)
                  0x000d99          0x2 SHORT 0x0
                  0x000d9a          0x2 SHORT 0xe9e DEFINED (__Interrupt94)?ABSOLUTE (__Interrupt94):ABSOLUTE (__DefaultInterrupt)
                  0x000d9b          0x2 SHORT 0x4
                  0x000d9c          0x2 SHORT 0x0 ((DEFINED (__Interrupt94)?ABSOLUTE (__Interrupt94):ABSOLUTE (__DefaultInterrupt) >> 0x10) & 0x7f)
                  0x000d9d          0x2 SHORT 0x0
                  0x000d9e          0x2 SHORT 0xe9e DEFINED (__Interrupt95)?ABSOLUTE (__Interrupt95):ABSOLUTE (__DefaultInterrupt)
                  0x000d9f          0x2 SHORT 0x4
                  0x000da0          0x2 SHORT 0x0 ((DEFINED (__Interrupt95)?ABSOLUTE (__Interrupt95):ABSOLUTE (__DefaultInterrupt) >> 0x10) & 0x7f)
                  0x000da1          0x2 SHORT 0x0
                  0x000da2          0x2 SHORT 0xe9e DEFINED (__Interrupt96)?ABSOLUTE (__Interrupt96):ABSOLUTE (__DefaultInterrupt)
                  0x000da3          0x2 SHORT 0x4
                  0x000da4          0x2 SHORT 0x0 ((DEFINED (__Interrupt96)?ABSOLUTE (__Interrupt96):ABSOLUTE (__DefaultInterrupt) >> 0x10) & 0x7f)
                  0x000da5          0x2 SHORT 0x0
                  0x000da6          0x2 SHORT 0xe9e DEFINED (__Interrupt97)?ABSOLUTE (__Interrupt97):ABSOLUTE (__DefaultInterrupt)
                  0x000da7          0x2 SHORT 0x4
                  0x000da8          0x2 SHORT 0x0 ((DEFINED (__Interrupt97)?ABSOLUTE (__Interrupt97):ABSOLUTE (__DefaultInterrupt) >> 0x10) & 0x7f)
                  0x000da9          0x2 SHORT 0x0
                  0x000daa          0x2 SHORT 0xe9e DEFINED (__Interrupt98)?ABSOLUTE (__Interrupt98):ABSOLUTE (__DefaultInterrupt)
                  0x000dab          0x2 SHORT 0x4
                  0x000dac          0x2 SHORT 0x0 ((DEFINED (__Interrupt98)?ABSOLUTE (__Interrupt98):ABSOLUTE (__DefaultInterrupt) >> 0x10) & 0x7f)
                  0x000dad          0x2 SHORT 0x0
                  0x000dae          0x2 SHORT 0xe9e DEFINED (__Interrupt99)?ABSOLUTE (__Interrupt99):ABSOLUTE (__DefaultInterrupt)
                  0x000daf          0x2 SHORT 0x4
                  0x000db0          0x2 SHORT 0x0 ((DEFINED (__Interrupt99)?ABSOLUTE (__Interrupt99):ABSOLUTE (__DefaultInterrupt) >> 0x10) & 0x7f)
                  0x000db1          0x2 SHORT 0x0
                  0x000db2          0x2 SHORT 0xe9e DEFINED (__Interrupt100)?ABSOLUTE (__Interrupt100):ABSOLUTE (__DefaultInterrupt)
                  0x000db3          0x2 SHORT 0x4
                  0x000db4          0x2 SHORT 0x0 ((DEFINED (__Interrupt100)?ABSOLUTE (__Interrupt100):ABSOLUTE (__DefaultInterrupt) >> 0x10) & 0x7f)
                  0x000db5          0x2 SHORT 0x0
                  0x000db6          0x2 SHORT 0xe9e DEFINED (__Interrupt101)?ABSOLUTE (__Interrupt101):ABSOLUTE (__DefaultInterrupt)
                  0x000db7          0x2 SHORT 0x4
                  0x000db8          0x2 SHORT 0x0 ((DEFINED (__Interrupt101)?ABSOLUTE (__Interrupt101):ABSOLUTE (__DefaultInterrupt) >> 0x10) & 0x7f)
                  0x000db9          0x2 SHORT 0x0
                  0x000dba          0x2 SHORT 0xe9e DEFINED (__Interrupt102)?ABSOLUTE (__Interrupt102):ABSOLUTE (__DefaultInterrupt)
                  0x000dbb          0x2 SHORT 0x4
                  0x000dbc          0x2 SHORT 0x0 ((DEFINED (__Interrupt102)?ABSOLUTE (__Interrupt102):ABSOLUTE (__DefaultInterrupt) >> 0x10) & 0x7f)
                  0x000dbd          0x2 SHORT 0x0
                  0x000dbe          0x2 SHORT 0xe9e DEFINED (__Interrupt103)?ABSOLUTE (__Interrupt103):ABSOLUTE (__DefaultInterrupt)
                  0x000dbf          0x2 SHORT 0x4
                  0x000dc0          0x2 SHORT 0x0 ((DEFINED (__Interrupt103)?ABSOLUTE (__Interrupt103):ABSOLUTE (__DefaultInterrupt) >> 0x10) & 0x7f)
                  0x000dc1          0x2 SHORT 0x0
                  0x000dc2          0x2 SHORT 0xe9e DEFINED (__Interrupt104)?ABSOLUTE (__Interrupt104):ABSOLUTE (__DefaultInterrupt)
                  0x000dc3          0x2 SHORT 0x4
                  0x000dc4          0x2 SHORT 0x0 ((DEFINED (__Interrupt104)?ABSOLUTE (__Interrupt104):ABSOLUTE (__DefaultInterrupt) >> 0x10) & 0x7f)
                  0x000dc5          0x2 SHORT 0x0
                  0x000dc6          0x2 SHORT 0xe9e DEFINED (__Interrupt105)?ABSOLUTE (__Interrupt105):ABSOLUTE (__DefaultInterrupt)
                  0x000dc7          0x2 SHORT 0x4
                  0x000dc8          0x2 SHORT 0x0 ((DEFINED (__Interrupt105)?ABSOLUTE (__Interrupt105):ABSOLUTE (__DefaultInterrupt) >> 0x10) & 0x7f)
                  0x000dc9          0x2 SHORT 0x0
                  0x000dca          0x2 SHORT 0xe9e DEFINED (__Interrupt106)?ABSOLUTE (__Interrupt106):ABSOLUTE (__DefaultInterrupt)
                  0x000dcb          0x2 SHORT 0x4
                  0x000dcc          0x2 SHORT 0x0 ((DEFINED (__Interrupt106)?ABSOLUTE (__Interrupt106):ABSOLUTE (__DefaultInterrupt) >> 0x10) & 0x7f)
                  0x000dcd          0x2 SHORT 0x0
                  0x000dce          0x2 SHORT 0xe9e DEFINED (__Interrupt107)?ABSOLUTE (__Interrupt107):ABSOLUTE (__DefaultInterrupt)
                  0x000dcf          0x2 SHORT 0x4
                  0x000dd0          0x2 SHORT 0x0 ((DEFINED (__Interrupt107)?ABSOLUTE (__Interrupt107):ABSOLUTE (__DefaultInterrupt) >> 0x10) & 0x7f)
                  0x000dd1          0x2 SHORT 0x0
                  0x000dd2          0x2 SHORT 0xe9e DEFINED (__Interrupt108)?ABSOLUTE (__Interrupt108):ABSOLUTE (__DefaultInterrupt)
                  0x000dd3          0x2 SHORT 0x4
                  0x000dd4          0x2 SHORT 0x0 ((DEFINED (__Interrupt108)?ABSOLUTE (__Interrupt108):ABSOLUTE (__DefaultInterrupt) >> 0x10) & 0x7f)
                  0x000dd5          0x2 SHORT 0x0
                  0x000dd6          0x2 SHORT 0xe9e DEFINED (__Interrupt109)?ABSOLUTE (__Interrupt109):ABSOLUTE (__DefaultInterrupt)
                  0x000dd7          0x2 SHORT 0x4
                  0x000dd8          0x2 SHORT 0x0 ((DEFINED (__Interrupt109)?ABSOLUTE (__Interrupt109):ABSOLUTE (__DefaultInterrupt) >> 0x10) & 0x7f)
                  0x000dd9          0x2 SHORT 0x0
                  0x000dda          0x2 SHORT 0xe9e DEFINED (__Interrupt110)?ABSOLUTE (__Interrupt110):ABSOLUTE (__DefaultInterrupt)
                  0x000ddb          0x2 SHORT 0x4
                  0x000ddc          0x2 SHORT 0x0 ((DEFINED (__Interrupt110)?ABSOLUTE (__Interrupt110):ABSOLUTE (__DefaultInterrupt) >> 0x10) & 0x7f)
                  0x000ddd          0x2 SHORT 0x0
                  0x000dde          0x2 SHORT 0xe9e DEFINED (__Interrupt111)?ABSOLUTE (__Interrupt111):ABSOLUTE (__DefaultInterrupt)
                  0x000ddf          0x2 SHORT 0x4
                  0x000de0          0x2 SHORT 0x0 ((DEFINED (__Interrupt111)?ABSOLUTE (__Interrupt111):ABSOLUTE (__DefaultInterrupt) >> 0x10) & 0x7f)
                  0x000de1          0x2 SHORT 0x0
                  0x000de2          0x2 SHORT 0xe9e DEFINED (__Interrupt112)?ABSOLUTE (__Interrupt112):ABSOLUTE (__DefaultInterrupt)
                  0x000de3          0x2 SHORT 0x4
                  0x000de4          0x2 SHORT 0x0 ((DEFINED (__Interrupt112)?ABSOLUTE (__Interrupt112):ABSOLUTE (__DefaultInterrupt) >> 0x10) & 0x7f)
                  0x000de5          0x2 SHORT 0x0
                  0x000de6          0x2 SHORT 0xe9e DEFINED (__Interrupt113)?ABSOLUTE (__Interrupt113):ABSOLUTE (__DefaultInterrupt)
                  0x000de7          0x2 SHORT 0x4
                  0x000de8          0x2 SHORT 0x0 ((DEFINED (__Interrupt113)?ABSOLUTE (__Interrupt113):ABSOLUTE (__DefaultInterrupt) >> 0x10) & 0x7f)
                  0x000de9          0x2 SHORT 0x0
                  0x000dea          0x2 SHORT 0xe9e DEFINED (__Interrupt114)?ABSOLUTE (__Interrupt114):ABSOLUTE (__DefaultInterrupt)
                  0x000deb          0x2 SHORT 0x4
                  0x000dec          0x2 SHORT 0x0 ((DEFINED (__Interrupt114)?ABSOLUTE (__Interrupt114):ABSOLUTE (__DefaultInterrupt) >> 0x10) & 0x7f)
                  0x000ded          0x2 SHORT 0x0
                  0x000dee          0x2 SHORT 0xe9e DEFINED (__Interrupt115)?ABSOLUTE (__Interrupt115):ABSOLUTE (__DefaultInterrupt)
                  0x000def          0x2 SHORT 0x4
                  0x000df0          0x2 SHORT 0x0 ((DEFINED (__Interrupt115)?ABSOLUTE (__Interrupt115):ABSOLUTE (__DefaultInterrupt) >> 0x10) & 0x7f)
                  0x000df1          0x2 SHORT 0x0
                  0x000df2          0x2 SHORT 0xe9e DEFINED (__Interrupt116)?ABSOLUTE (__Interrupt116):ABSOLUTE (__DefaultInterrupt)
                  0x000df3          0x2 SHORT 0x4
                  0x000df4          0x2 SHORT 0x0 ((DEFINED (__Interrupt116)?ABSOLUTE (__Interrupt116):ABSOLUTE (__DefaultInterrupt) >> 0x10) & 0x7f)
                  0x000df5          0x2 SHORT 0x0
                  0x000df6          0x2 SHORT 0xe9e DEFINED (__Interrupt117)?ABSOLUTE (__Interrupt117):ABSOLUTE (__DefaultInterrupt)
                  0x000df7          0x2 SHORT 0x4
                  0x000df8          0x2 SHORT 0x0 ((DEFINED (__Interrupt117)?ABSOLUTE (__Interrupt117):ABSOLUTE (__DefaultInterrupt) >> 0x10) & 0x7f)
                  0x000df9          0x2 SHORT 0x0

.text             0x000e00       0x1cbe
 *(.init)
 .init            0x000e00         0x3c c:/program files (x86)/microchip/xc16/v1.25/bin/bin/../../lib\liblega-pic30-elf.a(crt0_standard.o)
                  0x000e00                  __resetPRI
                  0x000e00                  __reset
                  0x000e2c                  __psv_init
 .init            0x000e3c         0x5e c:/program files (x86)/microchip/xc16/v1.25/bin/bin/../../lib\liblega-pic30-elf.a(data_init_standard.o)
                  0x000e3c                  __data_init_standard
                  0x000e3c                  __data_init
 *(.user_init)
 *(.handle)
 *(.isr*)
 .isr             0x000e9e          0x4 default_isr
                  0x000e9e                  __DefaultInterrupt
 *(.libc)
 *(.libm)
 *(.libdsp)
 *(.lib*)
 .libm.subsf3     0x000ea2         0xbc c:/program files (x86)/microchip/xc16/v1.25/bin/bin/../../lib\libm-elf.a(addsf3.eo)
                  0x000ea2                  ___subsf3
                  0x000ea4                  ___addsf3
 .libm.divfs3     0x000f5e         0x84 c:/program files (x86)/microchip/xc16/v1.25/bin/bin/../../lib\libm-elf.a(divsf3.eo)
                  0x000f5e                  ___divsf3
 .libm.divsi3     0x000fe2         0x1e c:/program files (x86)/microchip/xc16/v1.25/bin/bin/../../lib\libm-elf.a(divsi3.eo)
                  0x000fe2                  ___divsi3
 .libm.fixunssfsi
                  0x001000         0x36 c:/program files (x86)/microchip/xc16/v1.25/bin/bin/../../lib\libm-elf.a(fixunssfsi.eo)
                  0x001000                  ___fixunssfsi
 .libm.floatunsisf
                  0x001036          0x4 c:/program files (x86)/microchip/xc16/v1.25/bin/bin/../../lib\libm-elf.a(floatunsisf.eo)
                  0x001036                  ___floatunsisf
 .libm.fpack      0x00103a         0x4c c:/program files (x86)/microchip/xc16/v1.25/bin/bin/../../lib\libm-elf.a(fpack.eo)
                  0x00103a                  __fpack
 .libm.funpack    0x001086         0x2a c:/program files (x86)/microchip/xc16/v1.25/bin/bin/../../lib\libm-elf.a(funpack.eo)
                  0x001086                  __funpack
 .libm.funpack2
                  0x0010b0         0x10 c:/program files (x86)/microchip/xc16/v1.25/bin/bin/../../lib\libm-elf.a(funpack2.eo)
                  0x0010b0                  __funpack2
 .libm.fPropagateNaN
                  0x0010c0         0x12 c:/program files (x86)/microchip/xc16/v1.25/bin/bin/../../lib\libm-elf.a(futil.eo)
                  0x0010c0                  __fPropagateNaN
 .libm.fbobExit
                  0x0010d2          0x8 c:/program files (x86)/microchip/xc16/v1.25/bin/bin/../../lib\libm-elf.a(futil.eo)
                  0x0010d2                  __fbopExit
 .libm.fbopReturnNaN
                  0x0010da          0x6 c:/program files (x86)/microchip/xc16/v1.25/bin/bin/../../lib\libm-elf.a(futil.eo)
                  0x0010da                  __fbopReturnNaN
 .libm.modsi3     0x0010e0         0x1e c:/program files (x86)/microchip/xc16/v1.25/bin/bin/../../lib\libm-elf.a(modsi3.eo)
                  0x0010e0                  ___modsi3
 .libm.mulsf3     0x0010fe         0x68 c:/program files (x86)/microchip/xc16/v1.25/bin/bin/../../lib\libm-elf.a(mulsf3.eo)
                  0x0010fe                  ___mulsf3
 .libm.udivsi3    0x001166         0x20 c:/program files (x86)/microchip/xc16/v1.25/bin/bin/../../lib\libm-elf.a(udivsi3.eo)
                  0x001166                  ___udivsi3
 .libm.umodsi3    0x001186          0x6 c:/program files (x86)/microchip/xc16/v1.25/bin/bin/../../lib\libm-elf.a(umodsi3.eo)
                  0x001186                  ___umodsi3
 .libm.__PplusBdi
                  0x00118c         0x26 c:/program files (x86)/microchip/xc16/v1.25/bin/bin/../../lib\libm-elf.a(divmoddi3.eo)
 .libm.__PminusBdi
                  0x0011b2         0x26 c:/program files (x86)/microchip/xc16/v1.25/bin/bin/../../lib\libm-elf.a(divmoddi3.eo)
 .libm.__udivmoddi3
                  0x0011d8         0xe6 c:/program files (x86)/microchip/xc16/v1.25/bin/bin/../../lib\libm-elf.a(divmoddi3.eo)
                  0x0011d8                  ___udivmoddi3
 .libm.__udivdi3
                  0x0012be          0xe c:/program files (x86)/microchip/xc16/v1.25/bin/bin/../../lib\libm-elf.a(divmoddi3.eo)
                  0x0012be                  ___udivdi3
 .libm.__umoddi3
                  0x0012cc          0x8 c:/program files (x86)/microchip/xc16/v1.25/bin/bin/../../lib\libm-elf.a(divmoddi3.eo)
                  0x0012cc                  ___umoddi3
 .libm.__divdi3
                  0x0012d4         0x60 c:/program files (x86)/microchip/xc16/v1.25/bin/bin/../../lib\libm-elf.a(divmoddi3.eo)
                  0x0012d4                  ___divdi3
 .libm.__moddi3
                  0x001334         0x5c c:/program files (x86)/microchip/xc16/v1.25/bin/bin/../../lib\libm-elf.a(divmoddi3.eo)
                  0x001334                  ___moddi3
 .libm.__muldi3
                  0x001390         0x52 c:/program files (x86)/microchip/xc16/v1.25/bin/bin/../../lib\libm-elf.a(muldi3.eo)
                  0x001390                  ___muldi3
 .libm.floatundisf
                  0x0013e2         0x5e c:/program files (x86)/microchip/xc16/v1.25/bin/bin/../../lib\libm-elf.a(floatundisf.eo)
                  0x0013e2                  ___floatundisf
 .libm.umuldi3    0x001440         0x44 c:/program files (x86)/microchip/xc16/v1.25/bin/bin/../../lib\libm-elf.a(umuldi3.eo)
                  0x001440                  ___umuldi3
 .libc.memset     0x001484          0xe c:/program files (x86)/microchip/xc16/v1.25/bin/bin/../../lib\liblega-c-elf.a(memset.XXeo)
                  0x001484                  _memset
 .libc.prout      0x001492          0xe c:/program files (x86)/microchip/xc16/v1.25/bin/bin/../../lib\liblega-c-elf.a(vsprintf.XXeo)
                  0x001492                  vsprintf.XXeo:_prout
 .libc.vsprintf
                  0x0014a0         0x1a c:/program files (x86)/microchip/xc16/v1.25/bin/bin/../../lib\liblega-c-elf.a(vsprintf.XXeo)
                  0x0014a0                  _vsprintf
 .libc._Printf    0x0014ba        0x164 c:/program files (x86)/microchip/xc16/v1.25/bin/bin/../../lib\liblega-c-elf.a(xprintf.XXeo)
                  0x0014ba                  __Printf
 .libc._Putfld    0x00161e        0x2ca c:/program files (x86)/microchip/xc16/v1.25/bin/bin/../../lib\liblega-c-elf.a(xputfld.XXeo)
                  0x00161e                  __Putfld
 .libc.strchr     0x0018e8         0x1e c:/program files (x86)/microchip/xc16/v1.25/bin/bin/../../lib\liblega-c-elf.a(strchr.XXelo)
                  0x0018e8                  _strchr
 .libc._Vacopy    0x001906          0x4 c:/program files (x86)/microchip/xc16/v1.25/bin/bin/../../lib\liblega-c-elf.a(xvacopy.XXelo)
                  0x001906                  __Vacopy
 .libc.memchr     0x00190a         0x14 c:/program files (x86)/microchip/xc16/v1.25/bin/bin/../../lib\liblega-c-elf.a(memchr.XXeo)
                  0x00190a                  _memchr
 .libc.memcpy     0x00191e          0xe c:/program files (x86)/microchip/xc16/v1.25/bin/bin/../../lib\liblega-c-elf.a(memcpy.XXeo)
                  0x00191e                  _memcpy
 .libc.strlen     0x00192c          0xc c:/program files (x86)/microchip/xc16/v1.25/bin/bin/../../lib\liblega-c-elf.a(strlen.XXeo)
                  0x00192c                  _strlen
 .libc._Ldtob     0x001938        0x3f2 c:/program files (x86)/microchip/xc16/v1.25/bin/bin/../../lib\liblega-c-elf.a(xldtob.XXeo)
                  0x001938                  __Ldtob
 .libc._LDunscale
                  0x001d2a         0x54 c:/program files (x86)/microchip/xc16/v1.25/bin/bin/../../lib\liblega-c-elf.a(xldunsca.XXeo)
                  0x001d2a                  __LDunscale
 .libc._Litob     0x001d7e        0x25e c:/program files (x86)/microchip/xc16/v1.25/bin/bin/../../lib\liblega-c-elf.a(xlitob.XXeo)
                  0x001d7e                  __Litob
 .libc._Puttxt    0x001fdc        0x178 c:/program files (x86)/microchip/xc16/v1.25/bin/bin/../../lib\liblega-c-elf.a(xputtxt.XXeo)
                  0x001fdc                  __Puttxt
 .libc.ldiv       0x002154         0x2a c:/program files (x86)/microchip/xc16/v1.25/bin/bin/../../lib\liblega-c-elf.a(ldiv.XXelo)
                  0x002154                  _ldiv
 .libc._Dnorm     0x00217e         0x98 c:/program files (x86)/microchip/xc16/v1.25/bin/bin/../../lib\liblega-c-elf.a(xdnorm.XXelo)
                  0x00217e                  __Dnorm
 .libc._LDscale
                  0x002216         0xf6 c:/program files (x86)/microchip/xc16/v1.25/bin/bin/../../lib\liblega-c-elf.a(xldscale.XXelo)
                  0x002216                  __LDscale
 .libc._Genld     0x00230c        0x264 c:/program files (x86)/microchip/xc16/v1.25/bin/bin/../../lib\liblega-c-elf.a(xgenld.XXeo)
                  0x00230c                  __Genld
 .libc.div        0x002570         0x16 c:/program files (x86)/microchip/xc16/v1.25/bin/bin/../../lib\liblega-c-elf.a(div.XXelo)
                  0x002570                  _div
 .libm.eqdf2      0x002586          0xa c:/program files (x86)/microchip/xc16/v1.25/bin/bin/../../lib\libm-elf.a(deqltle.eo)
                  0x002586                  ___eqdf2
                  0x002586                  ___ltdf2
                  0x002586                  ___ledf2
 .libm.gtdf2      0x002590          0xa c:/program files (x86)/microchip/xc16/v1.25/bin/bin/../../lib\libm-elf.a(dgtge.eo)
                  0x002590                  ___gtdf2
                  0x002590                  ___gedf2
 .libm.divdf3     0x00259a         0xb4 c:/program files (x86)/microchip/xc16/v1.25/bin/bin/../../lib\libm-elf.a(divdf3.eo)
                  0x00259a                  ___divdf3
 .libm.dpack      0x00264e         0x58 c:/program files (x86)/microchip/xc16/v1.25/bin/bin/../../lib\libm-elf.a(dpack.eo)
                  0x00264e                  __dpack
 .libm.dunpack2
                  0x0026a6         0x32 c:/program files (x86)/microchip/xc16/v1.25/bin/bin/../../lib\libm-elf.a(dunpack2.eo)
                  0x0026a6                  __dunpack2
                  0x0026c8                  __dreturnNaN
                  0x0026ce                  __dunpack2exit
 .libm.extendsfdf2
                  0x0026d8         0x3e c:/program files (x86)/microchip/xc16/v1.25/bin/bin/../../lib\libm-elf.a(extendsfdf.eo)
                  0x0026d8                  ___extendsfdf2
 .libm.fixdfsi    0x002716         0x58 c:/program files (x86)/microchip/xc16/v1.25/bin/bin/../../lib\libm-elf.a(fixdfsi.eo)
                  0x002716                  _(float, int, long long, double, float, short, int)
 .libm.floatsidf
                  0x00276e          0x6 c:/program files (x86)/microchip/xc16/v1.25/bin/bin/../../lib\libm-elf.a(floatsidf.eo)
                  0x00276e                  ___floatsidf
 .libm.muldf3     0x002774         0xea c:/program files (x86)/microchip/xc16/v1.25/bin/bin/../../lib\libm-elf.a(muldf3.eo)
                  0x002774                  ___muldf3
 .libm.subdf3     0x00285e          0x4 c:/program files (x86)/microchip/xc16/v1.25/bin/bin/../../lib\libm-elf.a(subdf3.eo)
                  0x00285e                  ___subdf3
 .libm.mulsi3     0x002862          0xc c:/program files (x86)/microchip/xc16/v1.25/bin/bin/../../lib\libm-elf.a(mulsi3.eo)
                  0x002862                  ___mulp32peds3
                  0x002862                  ___mulsi3
                  0x002862                  ___mulp32eds3
 .libm.adddf3     0x00286e         0xfa c:/program files (x86)/microchip/xc16/v1.25/bin/bin/../../lib\libm-elf.a(adddf3.eo)
                  0x00286e                  ___adddf3
 .libm.dcompare
                  0x002968         0x52 c:/program files (x86)/microchip/xc16/v1.25/bin/bin/../../lib\libm-elf.a(dcompare.eo)
                  0x002968                  __dcompare
 .libm.dPropagateNaN
                  0x0029ba         0x1c c:/program files (x86)/microchip/xc16/v1.25/bin/bin/../../lib\libm-elf.a(dpropagateNaN.eo)
                  0x0029ba                  __dPropagateNaN
 .libm.dtype      0x0029d6         0x24 c:/program files (x86)/microchip/xc16/v1.25/bin/bin/../../lib\libm-elf.a(dtype.eo)
                  0x0029d6                  __dtype
 .libm.dunpack    0x0029fa         0x4e c:/program files (x86)/microchip/xc16/v1.25/bin/bin/../../lib\libm-elf.a(dunpack.eo)
                  0x0029fa                  __dunpack
 .libm.floatdidf
                  0x002a48         0x20 c:/program files (x86)/microchip/xc16/v1.25/bin/bin/../../lib\libm-elf.a(floatdidf.eo)
                  0x002a48                  ___floatdidf
 .libm.floatundidf
                  0x002a68         0x56 c:/program files (x86)/microchip/xc16/v1.25/bin/bin/../../lib\libm-elf.a(floatundidf.eo)
                  0x002a68                  ___floatundidf

usercode
 *(usercode)

__CONFIG2
 *(__CONFIG2.sec*)

__CONFIG1
 *(__CONFIG1.sec*)

.comment
 *(.comment)

.debug_info       0x000000       0x6a84
 *(.debug_info)
 .debug_info      0x000000        0x3db build/debug/production/source/Animations/src/Fill.o
 .debug_info      0x0003db       0x1258 build/debug/production/source/CubeControl/src/LayerControl.o
 .debug_info      0x001633        0x809 build/debug/production/source/CubeControl/src/LedCube.o
 .debug_info      0x001e3c        0xac0 build/debug/production/source/CubeControl/src/LedDriver.o
 .debug_info      0x0028fc        0x804 build/debug/production/source/CubeControl/src/PanelControl.o
 .debug_info      0x003100        0x80e build/debug/production/source/CubeControl/src/CubeControlData.o
 .debug_info      0x00390e        0xdf2 build/debug/production/source/LibraryFiles/src/Uart.o
 .debug_info      0x004700        0x436 build/debug/production/source/LibraryFiles/src/BitOperations.o
 .debug_info      0x004b36        0x6a8 build/debug/production/source/LibraryFiles/src/Buzzer.o
 .debug_info      0x0051de        0xd8b build/debug/production/source/LibraryFiles/src/IOPorts.o
 .debug_info      0x005f69        0x484 build/debug/production/source/LibraryFiles/src/SwFifoBuffer.o
 .debug_info      0x0063ed        0x228 build/debug/production/source/LibraryFiles/src/System.o
 .debug_info      0x006615        0x190 build/debug/production/source/LibraryFiles/src/Debug.o
 .debug_info      0x0067a5        0x2df build/debug/production/source/src/main.o
 *(.gnu.linkonce.wi.*)

.debug_abbrev     0x000000        0xf5b
 *(.debug_abbrev)
 .debug_abbrev    0x000000         0x96 build/debug/production/source/Animations/src/Fill.o
 .debug_abbrev    0x000096        0x1d9 build/debug/production/source/CubeControl/src/LayerControl.o
 .debug_abbrev    0x00026f        0x16b build/debug/production/source/CubeControl/src/LedCube.o
 .debug_abbrev    0x0003da        0x138 build/debug/production/source/CubeControl/src/LedDriver.o
 .debug_abbrev    0x000512        0x142 build/debug/production/source/CubeControl/src/PanelControl.o
 .debug_abbrev    0x000654        0x18d build/debug/production/source/CubeControl/src/CubeControlData.o
 .debug_abbrev    0x0007e1        0x1b2 build/debug/production/source/LibraryFiles/src/Uart.o
 .debug_abbrev    0x000993         0x93 build/debug/production/source/LibraryFiles/src/BitOperations.o
 .debug_abbrev    0x000a26        0x16e build/debug/production/source/LibraryFiles/src/Buzzer.o
 .debug_abbrev    0x000b94         0xb8 build/debug/production/source/LibraryFiles/src/IOPorts.o
 .debug_abbrev    0x000c4c        0x150 build/debug/production/source/LibraryFiles/src/SwFifoBuffer.o
 .debug_abbrev    0x000d9c         0xa7 build/debug/production/source/LibraryFiles/src/System.o
 .debug_abbrev    0x000e43         0x5a build/debug/production/source/LibraryFiles/src/Debug.o
 .debug_abbrev    0x000e9d         0xbe build/debug/production/source/src/main.o

.debug_line       0x000000       0x20db
 *(.debug_line)
 .debug_line      0x000000        0x191 build/debug/production/source/Animations/src/Fill.o
 .debug_line      0x000191        0x347 build/debug/production/source/CubeControl/src/LayerControl.o
 .debug_line      0x0004d8        0x39e build/debug/production/source/CubeControl/src/LedCube.o
 .debug_line      0x000876        0x22c build/debug/production/source/CubeControl/src/LedDriver.o
 .debug_line      0x000aa2        0x323 build/debug/production/source/CubeControl/src/PanelControl.o
 .debug_line      0x000dc5        0x328 build/debug/production/source/CubeControl/src/CubeControlData.o
 .debug_line      0x0010ed        0x455 build/debug/production/source/LibraryFiles/src/Uart.o
 .debug_line      0x001542        0x2a2 build/debug/production/source/LibraryFiles/src/BitOperations.o
 .debug_line      0x0017e4        0x24a build/debug/production/source/LibraryFiles/src/Buzzer.o
 .debug_line      0x001a2e        0x180 build/debug/production/source/LibraryFiles/src/IOPorts.o
 .debug_line      0x001bae        0x22e build/debug/production/source/LibraryFiles/src/SwFifoBuffer.o
 .debug_line      0x001ddc         0xc7 build/debug/production/source/LibraryFiles/src/System.o
 .debug_line      0x001ea3         0x61 build/debug/production/source/LibraryFiles/src/Debug.o
 .debug_line      0x001f04        0x1d7 build/debug/production/source/src/main.o

.debug_frame      0x000000        0xcac
 *(.debug_frame)
 .debug_frame     0x000000        0x160 build/debug/production/source/Animations/src/Fill.o
 .debug_frame     0x000160        0x13c build/debug/production/source/CubeControl/src/LayerControl.o
 .debug_frame     0x00029c        0x2a8 build/debug/production/source/CubeControl/src/LedCube.o
 .debug_frame     0x000544         0xdc build/debug/production/source/CubeControl/src/LedDriver.o
 .debug_frame     0x000620        0x100 build/debug/production/source/CubeControl/src/PanelControl.o
 .debug_frame     0x000720        0x1b0 build/debug/production/source/CubeControl/src/CubeControlData.o
 .debug_frame     0x0008d0        0x11c build/debug/production/source/LibraryFiles/src/Uart.o
 .debug_frame     0x0009ec         0xc4 build/debug/production/source/LibraryFiles/src/BitOperations.o
 .debug_frame     0x000ab0        0x138 build/debug/production/source/LibraryFiles/src/Buzzer.o
 .debug_frame     0x000be8         0x24 build/debug/production/source/LibraryFiles/src/IOPorts.o
 .debug_frame     0x000c0c         0x34 build/debug/production/source/LibraryFiles/src/SwFifoBuffer.o
 .debug_frame     0x000c40         0x24 build/debug/production/source/LibraryFiles/src/System.o
 .debug_frame     0x000c64         0x24 build/debug/production/source/LibraryFiles/src/Debug.o
 .debug_frame     0x000c88         0x24 build/debug/production/source/src/main.o

.debug_str        0x000000        0x2e7
 *(.debug_str)
 .debug_str       0x000000         0x1a build/debug/production/source/Animations/src/Fill.o
 .debug_str       0x00001a         0x9c build/debug/production/source/CubeControl/src/LayerControl.o
 .debug_str       0x0000b6         0x37 build/debug/production/source/CubeControl/src/LedCube.o
 .debug_str       0x0000ed         0x61 build/debug/production/source/CubeControl/src/LedDriver.o
 .debug_str       0x00014e         0x23 build/debug/production/source/CubeControl/src/PanelControl.o
 .debug_str       0x000171         0x6d build/debug/production/source/CubeControl/src/CubeControlData.o
 .debug_str       0x0001de         0x50 build/debug/production/source/LibraryFiles/src/Uart.o
 .debug_str       0x00022e         0x2c build/debug/production/source/LibraryFiles/src/Buzzer.o
 .debug_str       0x00025a         0x5b build/debug/production/source/LibraryFiles/src/IOPorts.o
 .debug_str       0x0002b5         0x1e build/debug/production/source/LibraryFiles/src/SwFifoBuffer.o
 .debug_str       0x0002d3          0xb build/debug/production/source/LibraryFiles/src/System.o
 .debug_str       0x0002de          0x9 build/debug/production/source/src/main.o

.debug_loc
 *(.debug_loc)

.debug_macinfo
 *(.debug_macinfo)

.debug_pubnames
                  0x000000        0x668
 *(.debug_pubnames)
 .debug_pubnames
                  0x000000         0x92 build/debug/production/source/Animations/src/Fill.o
 .debug_pubnames
                  0x000092         0xb1 build/debug/production/source/CubeControl/src/LayerControl.o
 .debug_pubnames
                  0x000143         0xcd build/debug/production/source/CubeControl/src/LedCube.o
 .debug_pubnames
                  0x000210         0x63 build/debug/production/source/CubeControl/src/LedDriver.o
 .debug_pubnames
                  0x000273         0x6f build/debug/production/source/CubeControl/src/PanelControl.o
 .debug_pubnames
                  0x0002e2        0x105 build/debug/production/source/CubeControl/src/CubeControlData.o
 .debug_pubnames
                  0x0003e7         0xb0 build/debug/production/source/LibraryFiles/src/Uart.o
 .debug_pubnames
                  0x000497         0xb5 build/debug/production/source/LibraryFiles/src/BitOperations.o
 .debug_pubnames
                  0x00054c         0x56 build/debug/production/source/LibraryFiles/src/Buzzer.o
 .debug_pubnames
                  0x0005a2         0x23 build/debug/production/source/LibraryFiles/src/IOPorts.o
 .debug_pubnames
                  0x0005c5         0x3a build/debug/production/source/LibraryFiles/src/SwFifoBuffer.o
 .debug_pubnames
                  0x0005ff         0x2a build/debug/production/source/LibraryFiles/src/System.o
 .debug_pubnames
                  0x000629         0x24 build/debug/production/source/LibraryFiles/src/Debug.o
 .debug_pubnames
                  0x00064d         0x1b build/debug/production/source/src/main.o

.debug_ranges
 *(.debug_ranges)

.debug_aranges    0x000000        0x150
 *(.debug_aranges)
 .debug_aranges
                  0x000000         0x18 build/debug/production/source/Animations/src/Fill.o
 .debug_aranges
                  0x000018         0x18 build/debug/production/source/CubeControl/src/LayerControl.o
 .debug_aranges
                  0x000030         0x18 build/debug/production/source/CubeControl/src/LedCube.o
 .debug_aranges
                  0x000048         0x18 build/debug/production/source/CubeControl/src/LedDriver.o
 .debug_aranges
                  0x000060         0x18 build/debug/production/source/CubeControl/src/PanelControl.o
 .debug_aranges
                  0x000078         0x18 build/debug/production/source/CubeControl/src/CubeControlData.o
 .debug_aranges
                  0x000090         0x18 build/debug/production/source/LibraryFiles/src/Uart.o
 .debug_aranges
                  0x0000a8         0x18 build/debug/production/source/LibraryFiles/src/BitOperations.o
 .debug_aranges
                  0x0000c0         0x18 build/debug/production/source/LibraryFiles/src/Buzzer.o
 .debug_aranges
                  0x0000d8         0x18 build/debug/production/source/LibraryFiles/src/IOPorts.o
 .debug_aranges
                  0x0000f0         0x18 build/debug/production/source/LibraryFiles/src/SwFifoBuffer.o
 .debug_aranges
                  0x000108         0x18 build/debug/production/source/LibraryFiles/src/System.o
 .debug_aranges
                  0x000120         0x18 build/debug/production/source/LibraryFiles/src/Debug.o
 .debug_aranges
                  0x000138         0x18 build/debug/production/source/src/main.o

.ivt              0x000004         0xfc
                  0x000004          0x4 LONG 0xc02 J__ReservedTrap0
                  0x000006          0x4 LONG 0xc06 J__OscillatorFail
                  0x000008          0x4 LONG 0xc0a J__AddressError
                  0x00000a          0x4 LONG 0xc0e J__StackError
                  0x00000c          0x4 LONG 0xc12 J__MathError
                  0x00000e          0x4 LONG 0xc16 J__ReservedTrap5
                  0x000010          0x4 LONG 0xc1a J__ReservedTrap6
                  0x000012          0x4 LONG 0xc1e J__ReservedTrap7
                  0x000014          0x4 LONG 0xc22 J__INT0Interrupt
                  0x000016          0x4 LONG 0xc26 J__IC1Interrupt
                  0x000018          0x4 LONG 0xc2a J__OC1Interrupt
                  0x00001a          0x4 LONG 0xc2e J__T1Interrupt
                  0x00001c          0x4 LONG 0xc32 J__Interrupt4
                  0x00001e          0x4 LONG 0xc36 J__IC2Interrupt
                  0x000020          0x4 LONG 0xc3a J__OC2Interrupt
                  0x000022          0x4 LONG 0xc3e J__T2Interrupt
                  0x000024          0x4 LONG 0xc42 J__T3Interrupt
                  0x000026          0x4 LONG 0xc46 J__SPI1ErrInterrupt
                  0x000028          0x4 LONG 0xc4a J__SPI1Interrupt
                  0x00002a          0x4 LONG 0xc4e J__U1RXInterrupt
                  0x00002c          0x4 LONG 0xc52 J__U1TXInterrupt
                  0x00002e          0x4 LONG 0xc56 J__ADC1Interrupt
                  0x000030          0x4 LONG 0xc5a J__Interrupt14
                  0x000032          0x4 LONG 0xc5e J__Interrupt15
                  0x000034          0x4 LONG 0xc62 J__SI2C1Interrupt
                  0x000036          0x4 LONG 0xc66 J__MI2C1Interrupt
                  0x000038          0x4 LONG 0xc6a J__CompInterrupt
                  0x00003a          0x4 LONG 0xc6e J__CNInterrupt
                  0x00003c          0x4 LONG 0xc72 J__INT1Interrupt
                  0x00003e          0x4 LONG 0xc76 J__Interrupt21
                  0x000040          0x4 LONG 0xc7a J__Interrupt22
                  0x000042          0x4 LONG 0xc7e J__Interrupt23
                  0x000044          0x4 LONG 0xc82 J__Interrupt24
                  0x000046          0x4 LONG 0xc86 J__OC3Interrupt
                  0x000048          0x4 LONG 0xc8a J__OC4Interrupt
                  0x00004a          0x4 LONG 0xc8e J__T4Interrupt
                  0x00004c          0x4 LONG 0xc92 J__T5Interrupt
                  0x00004e          0x4 LONG 0xc96 J__INT2Interrupt
                  0x000050          0x4 LONG 0xc9a J__U2RXInterrupt
                  0x000052          0x4 LONG 0xc9e J__U2TXInterrupt
                  0x000054          0x4 LONG 0xca2 J__SPI2ErrInterrupt
                  0x000056          0x4 LONG 0xca6 J__SPI2Interrupt
                  0x000058          0x4 LONG 0xcaa J__Interrupt34
                  0x00005a          0x4 LONG 0xcae J__Interrupt35
                  0x00005c          0x4 LONG 0xcb2 J__Interrupt36
                  0x00005e          0x4 LONG 0xcb6 J__IC3Interrupt
                  0x000060          0x4 LONG 0xcba J__IC4Interrupt
                  0x000062          0x4 LONG 0xcbe J__IC5Interrupt
                  0x000064          0x4 LONG 0xcc2 J__Interrupt40
                  0x000066          0x4 LONG 0xcc6 J__OC5Interrupt
                  0x000068          0x4 LONG 0xcca J__Interrupt42
                  0x00006a          0x4 LONG 0xcce J__Interrupt43
                  0x00006c          0x4 LONG 0xcd2 J__Interrupt44
                  0x00006e          0x4 LONG 0xcd6 J__PMPInterrupt
                  0x000070          0x4 LONG 0xcda J__Interrupt46
                  0x000072          0x4 LONG 0xcde J__Interrupt47
                  0x000074          0x4 LONG 0xce2 J__Interrupt48
                  0x000076          0x4 LONG 0xce6 J__SI2C2Interrupt
                  0x000078          0x4 LONG 0xcea J__MI2C2Interrupt
                  0x00007a          0x4 LONG 0xcee J__Interrupt51
                  0x00007c          0x4 LONG 0xcf2 J__Interrupt52
                  0x00007e          0x4 LONG 0xcf6 J__Interrupt53
                  0x000080          0x4 LONG 0xcfa J__Interrupt54
                  0x000082          0x4 LONG 0xcfe J__Interrupt55
                  0x000084          0x4 LONG 0xd02 J__Interrupt56
                  0x000086          0x4 LONG 0xd06 J__Interrupt57
                  0x000088          0x4 LONG 0xd0a J__Interrupt58
                  0x00008a          0x4 LONG 0xd0e J__Interrupt59
                  0x00008c          0x4 LONG 0xd12 J__Interrupt60
                  0x00008e          0x4 LONG 0xd16 J__Interrupt61
                  0x000090          0x4 LONG 0xd1a J__RTCCInterrupt
                  0x000092          0x4 LONG 0xd1e J__Interrupt63
                  0x000094          0x4 LONG 0xd22 J__Interrupt64
                  0x000096          0x4 LONG 0xd26 J__U1ErrInterrupt
                  0x000098          0x4 LONG 0xd2a J__U2ErrInterrupt
                  0x00009a          0x4 LONG 0xd2e J__CRCInterrupt
                  0x00009c          0x4 LONG 0xd32 J__Interrupt68
                  0x00009e          0x4 LONG 0xd36 J__Interrupt69
                  0x0000a0          0x4 LONG 0xd3a J__Interrupt70
                  0x0000a2          0x4 LONG 0xd3e J__Interrupt71
                  0x0000a4          0x4 LONG 0xd42 J__LVDInterrupt
                  0x0000a6          0x4 LONG 0xd46 J__Interrupt73
                  0x0000a8          0x4 LONG 0xd4a J__Interrupt74
                  0x0000aa          0x4 LONG 0xd4e J__Interrupt75
                  0x0000ac          0x4 LONG 0xd52 J__Interrupt76
                  0x0000ae          0x4 LONG 0xd56 J__Interrupt77
                  0x0000b0          0x4 LONG 0xd5a J__Interrupt78
                  0x0000b2          0x4 LONG 0xd5e J__Interrupt79
                  0x0000b4          0x4 LONG 0xd62 J__Interrupt80
                  0x0000b6          0x4 LONG 0xd66 J__Interrupt81
                  0x0000b8          0x4 LONG 0xd6a J__Interrupt82
                  0x0000ba          0x4 LONG 0xd6e J__Interrupt83
                  0x0000bc          0x4 LONG 0xd72 J__Interrupt84
                  0x0000be          0x4 LONG 0xd76 J__Interrupt85
                  0x0000c0          0x4 LONG 0xd7a J__Interrupt86
                  0x0000c2          0x4 LONG 0xd7e J__Interrupt87
                  0x0000c4          0x4 LONG 0xd82 J__Interrupt88
                  0x0000c6          0x4 LONG 0xd86 J__Interrupt89
                  0x0000c8          0x4 LONG 0xd8a J__Interrupt90
                  0x0000ca          0x4 LONG 0xd8e J__Interrupt91
                  0x0000cc          0x4 LONG 0xd92 J__Interrupt92
                  0x0000ce          0x4 LONG 0xd96 J__Interrupt93
                  0x0000d0          0x4 LONG 0xd9a J__Interrupt94
                  0x0000d2          0x4 LONG 0xd9e J__Interrupt95
                  0x0000d4          0x4 LONG 0xda2 J__Interrupt96
                  0x0000d6          0x4 LONG 0xda6 J__Interrupt97
                  0x0000d8          0x4 LONG 0xdaa J__Interrupt98
                  0x0000da          0x4 LONG 0xdae J__Interrupt99
                  0x0000dc          0x4 LONG 0xdb2 J__Interrupt100
                  0x0000de          0x4 LONG 0xdb6 J__Interrupt101
                  0x0000e0          0x4 LONG 0xdba J__Interrupt102
                  0x0000e2          0x4 LONG 0xdbe J__Interrupt103
                  0x0000e4          0x4 LONG 0xdc2 J__Interrupt104
                  0x0000e6          0x4 LONG 0xdc6 J__Interrupt105
                  0x0000e8          0x4 LONG 0xdca J__Interrupt106
                  0x0000ea          0x4 LONG 0xdce J__Interrupt107
                  0x0000ec          0x4 LONG 0xdd2 J__Interrupt108
                  0x0000ee          0x4 LONG 0xdd6 J__Interrupt109
                  0x0000f0          0x4 LONG 0xdda J__Interrupt110
                  0x0000f2          0x4 LONG 0xdde J__Interrupt111
                  0x0000f4          0x4 LONG 0xde2 J__Interrupt112
                  0x0000f6          0x4 LONG 0xde6 J__Interrupt113
                  0x0000f8          0x4 LONG 0xdea J__Interrupt114
                  0x0000fa          0x4 LONG 0xdee J__Interrupt115
                  0x0000fc          0x4 LONG 0xdf2 J__Interrupt116
                  0x0000fe          0x4 LONG 0xdf6 J__Interrupt117

.aivt             0x000104         0xfc
                  0x000104          0x4 LONG 0xc02 J__ReservedTrap0
                  0x000106          0x4 LONG 0xc06 J__OscillatorFail
                  0x000108          0x4 LONG 0xc0a J__AddressError
                  0x00010a          0x4 LONG 0xc0e J__StackError
                  0x00010c          0x4 LONG 0xc12 J__MathError
                  0x00010e          0x4 LONG 0xc16 J__ReservedTrap5
                  0x000110          0x4 LONG 0xc1a J__ReservedTrap6
                  0x000112          0x4 LONG 0xc1e J__ReservedTrap7
                  0x000114          0x4 LONG 0xc22 J__INT0Interrupt
                  0x000116          0x4 LONG 0xc26 J__IC1Interrupt
                  0x000118          0x4 LONG 0xc2a J__OC1Interrupt
                  0x00011a          0x4 LONG 0xc2e J__T1Interrupt
                  0x00011c          0x4 LONG 0xc32 J__Interrupt4
                  0x00011e          0x4 LONG 0xc36 J__IC2Interrupt
                  0x000120          0x4 LONG 0xc3a J__OC2Interrupt
                  0x000122          0x4 LONG 0xc3e J__T2Interrupt
                  0x000124          0x4 LONG 0xc42 J__T3Interrupt
                  0x000126          0x4 LONG 0xc46 J__SPI1ErrInterrupt
                  0x000128          0x4 LONG 0xc4a J__SPI1Interrupt
                  0x00012a          0x4 LONG 0xc4e J__U1RXInterrupt
                  0x00012c          0x4 LONG 0xc52 J__U1TXInterrupt
                  0x00012e          0x4 LONG 0xc56 J__ADC1Interrupt
                  0x000130          0x4 LONG 0xc5a J__Interrupt14
                  0x000132          0x4 LONG 0xc5e J__Interrupt15
                  0x000134          0x4 LONG 0xc62 J__SI2C1Interrupt
                  0x000136          0x4 LONG 0xc66 J__MI2C1Interrupt
                  0x000138          0x4 LONG 0xc6a J__CompInterrupt
                  0x00013a          0x4 LONG 0xc6e J__CNInterrupt
                  0x00013c          0x4 LONG 0xc72 J__INT1Interrupt
                  0x00013e          0x4 LONG 0xc76 J__Interrupt21
                  0x000140          0x4 LONG 0xc7a J__Interrupt22
                  0x000142          0x4 LONG 0xc7e J__Interrupt23
                  0x000144          0x4 LONG 0xc82 J__Interrupt24
                  0x000146          0x4 LONG 0xc86 J__OC3Interrupt
                  0x000148          0x4 LONG 0xc8a J__OC4Interrupt
                  0x00014a          0x4 LONG 0xc8e J__T4Interrupt
                  0x00014c          0x4 LONG 0xc92 J__T5Interrupt
                  0x00014e          0x4 LONG 0xc96 J__INT2Interrupt
                  0x000150          0x4 LONG 0xc9a J__U2RXInterrupt
                  0x000152          0x4 LONG 0xc9e J__U2TXInterrupt